[state-ppl-v8 arm] baseline
[baseline PPL] 1/32 ppl=8.551222
[baseline PPL] 8/32 ppl=7.714840
[baseline PPL] 16/32 ppl=8.239521
[baseline PPL] 24/32 ppl=8.169233
[baseline PPL] 32/32 ppl=8.227528
[state-ppl-v8 arm] top1
[top1 PPL] 1/32 ppl=8.519665
[top1 PPL] 8/32 ppl=7.651740
[top1 PPL] 16/32 ppl=8.191981
[top1 PPL] 24/32 ppl=8.133325
[top1 PPL] 32/32 ppl=8.174200
[state-ppl-v8 arm] top2
[top2 PPL] 1/32 ppl=8.513575
[top2 PPL] 8/32 ppl=7.651637
[top2 PPL] 16/32 ppl=8.168756
[top2 PPL] 24/32 ppl=8.108663
[top2 PPL] 32/32 ppl=8.163930
[state-ppl-v8 arm] top4
[top4 PPL] 1/32 ppl=8.496177
[top4 PPL] 8/32 ppl=7.683785
[top4 PPL] 16/32 ppl=8.182507
[top4 PPL] 24/32 ppl=8.118576
[top4 PPL] 32/32 ppl=8.167044
[state-ppl-v8 arm] top8
[top8 PPL] 1/32 ppl=8.495273
[top8 PPL] 8/32 ppl=7.626847
[top8 PPL] 16/32 ppl=8.157389
[top8 PPL] 24/32 ppl=8.118137
[top8 PPL] 32/32 ppl=8.159226
[state-ppl-v8 arm] top16
[top16 PPL] 1/32 ppl=8.660618
[top16 PPL] 8/32 ppl=7.649323
[top16 PPL] 16/32 ppl=8.184036
[top16 PPL] 24/32 ppl=8.124985
[top16 PPL] 32/32 ppl=8.169884
[state-ppl-v8 arm] allnegative
[allnegative PPL] 1/32 ppl=8.633183
[allnegative PPL] 8/32 ppl=7.652478
[allnegative PPL] 16/32 ppl=8.216880
[allnegative PPL] 24/32 ppl=8.172909
[allnegative PPL] 32/32 ppl=8.232327
[state-ppl-v8 arm] restored_baseline
[restored_baseline PPL] 1/32 ppl=8.551222
[restored_baseline PPL] 8/32 ppl=7.714840
[restored_baseline PPL] 16/32 ppl=8.239521
[restored_baseline PPL] 24/32 ppl=8.169233
[restored_baseline PPL] 32/32 ppl=8.227528
{
  "format": "MAMBA2_STATE_PPL_V8_COMPARISON_V1",
  "complete": true,
  "stage": "screen",
  "protocol_sha256": "880839c0b0919d0a9a119647d2d9c1657e5b8eb5389c8c2ee22ee1785917aa01",
  "input_binding": {
    "protocol_sha256": "880839c0b0919d0a9a119647d2d9c1657e5b8eb5389c8c2ee22ee1785917aa01",
    "calibration_input_binding": {
      "protocol_sha256": "880839c0b0919d0a9a119647d2d9c1657e5b8eb5389c8c2ee22ee1785917aa01",
      "v6_input_binding": {
        "protocol_sha256": "86d4e8dc85d79c2c867ce15a846c5938893c86d27e67ad174472975e654e9bff",
        "v5_protocol_sha256": "ce700910f27230e062fe62e89dd6bddee05bcbf7bb7972c59fdba24cb3db9f5d",
        "source_sha256": "47c2766f6aad89d73beafbeaecb334aab902d7370906d081764a90bb7a8bbbcb",
        "tokenizer_sha256": "5862e2f71caf762bc9845662be5fec2867deb58d874568235a02a36c5111cd09",
        "train_file_sha256": "e54b02e5162e042a9cdd504f4eb1b1652724fb240bbc2c97608967aa26297233",
        "prose_manifest_sha256": "facb2ca461615a4199781bd21784d642d6674f5b862641b3b9edac3fb499b89d",
        "candidates_sha256": "cd86a755db5004c716922696cf5532b307c57f5fb7dad4bcca298eb58b55f9a7",
        "candidates_receipt_sha256": "9e0a42f52fc8f9bde587cc81e64989db4c9290a4b2e39ec6689771e40c1ddc4d",
        "v5_selected_calibration_sha256": "c525fbf62ef4a72db2d4bb13c13920d9f5d4946485538da0f00a369aab3092e3",
        "v5_selected_receipt_sha256": "482399518e5b41561d93cf1db2509949d27f522b1a720bea1e6e10a3864c77d6",
        "v5_selection_report_sha256": "a7ff703281309d83031d4b3bc3b4c6edf718e8646fa62506ff162dbf1cd62437",
        "codec_checks_sha256": "81a65cd0f56e6ad4a7a87fc464abde6509a4315143c38c52c88a67be61e4a54f",
        "table_sha256": {
          "magnitude": "6d2b53f63d0a56b527840b344be8396da483f3a6affd3d89fbbe0747d9bdd327",
          "full_readout": "a3f33fba0433bce8de413dd22baa8c0d3b40c3934be6eee5bea75b4e306f81b3",
          "preserve_int8": "6dc1c15ca18d07fb87de8f0517baecbf47adec0846575172fa344f86ac10cde5",
          "preserve_retained80": "9789f1a45b0487ec15a104bfc60d33af14a5fce4d4290344eb5264ad0ddef536"
        },
        "v4_statistics_sha256": "8509bb266d40875608f3e0b3be22407fd6ea1b8aacbc79ce04e958726516b0a4",
        "original_calibration_sha256": "c366cd577967e64635f1dd960237dc1c0024d7413685ce0b4c4e40da869a7023"
      },
      "v6_selected_calibration_sha256": "098930d1af5e5821b277640d236f7607c6428b48d36f7117e2ea4aa87e656303",
      "v6_selected_receipt_sha256": "ab2fd4d02a4720957bbb146395dcf26f2c82acd77ebdfa302d6bffa41e88faa2",
      "v6_selection_report_sha256": "5ac624862846b61aacc6a5f3b7648db32d5d74bf8419d8d536bbc751cdd117d6",
      "baseline_policy": "preserve_int8__stored_scale",
      "baseline_table_sha256": "6dc1c15ca18d07fb87de8f0517baecbf47adec0846575172fa344f86ac10cde5",
      "scale_mode": "stored_scale",
      "int4_clip": 1.0,
      "adapter_loaded": false,
      "adapter_sha256": null,
      "heldout_used": false,
      "mk_used": false
    },
    "layer_candidates_sha256": "13f36a937c34720ed9d558b19582aaf58be2383a5bb54d42a06791609e154b5d",
    "layer_candidates_receipt_sha256": "009018bacdf7000b106fe8956d5f821124daf16e092d3d36ddebcd529ca3f7aa",
    "layer_calibration_report_sha256": "e7fa9ce0f245d3843f447be604bc195186645cb956f9d229cf34b1d05a9bdc49",
    "baseline_policy": "preserve_int8__stored_scale",
    "source_sha256": "47c2766f6aad89d73beafbeaecb334aab902d7370906d081764a90bb7a8bbbcb",
    "tokenizer_sha256": "5862e2f71caf762bc9845662be5fec2867deb58d874568235a02a36c5111cd09",
    "train_file_sha256": "e54b02e5162e042a9cdd504f4eb1b1652724fb240bbc2c97608967aa26297233"
  },
  "code_hashes": {
    "docs/RESURFACE_MORE_BACKEND_REPLAY.md": "a677dcf896c37474d422ee54abc8f9bea6052e5c76d5835e9cc2b94f304f2f45",
    "docs/STATE_PPL_V6_PROTOCOL.md": "86d4e8dc85d79c2c867ce15a846c5938893c86d27e67ad174472975e654e9bff",
    "docs/STATE_PPL_V8_PROTOCOL.md": "880839c0b0919d0a9a119647d2d9c1657e5b8eb5389c8c2ee22ee1785917aa01",
    "mamba2_recall/__init__.py": "79b32606ac476c3248911c55571bf97f96689770067856ce8347837478ef33fd",
    "mamba2_recall/calibration.py": "54e178521abfe2513fb7bac2aed2ef178fc01b63135222ecc212001ee3ce0a04",
    "mamba2_recall/evaluation.py": "95cba0b201e37f92e6cbfadb9b3e9d79ba7b0cdc9efda6a58a6216b0d84d35e0",
    "mamba2_recall/resurface_data.py": "1a547fe3cedca406d6e3db85f65c3ce554558691e3b29b9c92d8fd6bd1c1ba35",
    "mamba2_recall/resurface_loss.py": "ec045368583b6e49f484341b2d718658bb59e8d11050710377742752c1c67294",
    "mamba2_recall/resurface_native.py": "2dd08c7ee8958c832f0ae9da7cf5f261dceeff3e528e493c905c7c52df7166d7",
    "mamba2_recall/runtime.py": "73a405b4286dda403f252cf0b73d367adcfead96298a1e6f440b65f5b309530c",
    "mamba2_recall/state_codec.py": "56bd56d2fcb96382a4c6139824245f7608e903bbf1e3d07c9ea6d61ac8ce371a",
    "mamba2_recall/state_codec_dense3.py": "b2643076540ec67f4b879ba9dc2c512fdbfdf3c3db7c957902002e1bc5df0a05",
    "mamba2_recall/state_quant.py": "d57ccba302c81808456ef8ccd9bc36bcb22ee976b2e4cad5efe43f99e4e17efd",
    "mamba2_recall/state_quant_dense3.py": "946bdb08d1557d364e8b1f4264412dffcd2481227daee4bfdba6a5238729f9fd",
    "mamba2_recall/state_repair_calibration.py": "c1ae810a452a16a2766cd68438303df16cd10c617e68e226429541dd33ebc86d",
    "mamba2_recall/state_training.py": "2d7babbf5d402e3dafaa69681ebd3028452a688b31cb1b6c4fc18d1d73dbb894",
    "mamba2_recall/state_training_scan.py": "cc33e0b88e2b5d6649fdfc85570ba484363eea34b14b536de669fd4c7d0b54ba",
    "scripts/check_state_ppl_codec_v6.py": "d5feee53129c54548f8ba3c9a579633c41b153ebab57a5e0550d5dda0316d7b1",
    "scripts/evaluate_quant_first.py": "4f74c373537785bb877b0d03cbc531a8f1a8480666a74d9bb93966cc226aa7a4",
    "scripts/evaluate_resurface_more.py": "dd5af73e0c201c931a27e3563977ae1fb1f093eb43440ff2b130ce2db985a732",
    "scripts/prepare_quant_first.py": "47885b474702a414a5ca9cc7b6a9dea1ee55a988469b80bb04a14812eee4eae5",
    "scripts/prepare_state_first_v5.py": "848eb4b3dfde96de02affc391d715a3ae74ed37ac4831d0a2760ecd33893c474",
    "scripts/prepare_state_ppl_v8.py": "bff9f33053c531763019d323a93d7050fceba31efd9d45f81f2f066570371149",
    "scripts/run_state_ppl_v6.py": "c5fe407ab9d0c94ef4acd83abbb9a57028c1d5e284a21ae56adb5231def29baf",
    "scripts/run_state_ppl_v8.py": "6f76a28830f927d7d982f0ab1fe5bc80182dbf2f2f7e0bd795e3fd605eb63641",
    "scripts/run_statequant.py": "0f56215a494395c6e1ab68c38fd80aee4faf70b8d1b3bfd714d09fd5d7ff6d8d",
    "scripts/state_ppl_codec_v6.py": "76d76577559c8bb8d86907934f2d65282da27e1d1e8e378392eba5809ae34c54"
  },
  "backend_policy": {
    "format": "MAMBA2_ARCHIVED_RMSNORM_REPLAY_POLICY_V1",
    "kernel": "mamba_ssm.ops.triton.layer_norm._layer_norm_fwd_1pass_kernel",
    "original_configs": [
      {
        "kwargs": {},
        "num_warps": 1,
        "num_stages": 3,
        "num_ctas": 1,
        "maxnreg": null,
        "pre_hook_is_none": true
      },
      {
        "kwargs": {},
        "num_warps": 2,
        "num_stages": 3,
        "num_ctas": 1,
        "maxnreg": null,
        "pre_hook_is_none": true
      },
      {
        "kwargs": {},
        "num_warps": 4,
        "num_stages": 3,
        "num_ctas": 1,
        "maxnreg": null,
        "pre_hook_is_none": true
      },
      {
        "kwargs": {},
        "num_warps": 8,
        "num_stages": 3,
        "num_ctas": 1,
        "maxnreg": null,
        "pre_hook_is_none": true
      },
      {
        "kwargs": {},
        "num_warps": 16,
        "num_stages": 3,
        "num_ctas": 1,
        "maxnreg": null,
        "pre_hook_is_none": true
      },
      {
        "kwargs": {},
        "num_warps": 32,
        "num_stages": 3,
        "num_ctas": 1,
        "maxnreg": null,
        "pre_hook_is_none": true
      }
    ],
    "selected_config": {
      "kwargs": {},
      "num_warps": 16,
      "num_stages": 3,
      "num_ctas": 1,
      "maxnreg": null,
      "pre_hook_is_none": true
    },
    "singleton_config_bypasses_autotuning": true,
    "applied_before_first_model_load": true,
    "candidate_used_for_selection": false,
    "selection_basis": "Only warp16 exactly matches both archived S16 and parent first-window NLL; full archived parent replay remains mandatory",
    "external_source_sha256": {
      "mamba_ssm.ops.triton.layer_norm": "0cecae69ed780c07454fe067f9738608a53ebb17ae6046988d13bbbd84ca128b",
      "mamba_ssm.utils.determinism": "cb6e1c30392c11200425c2a23ad9fa3d47f50b556d15e9b0caf79b7d483d6f1d",
      "triton.runtime.autotuner": "40f5e142806219942585a16742e9f3721d5bfef88145b571cf389f9aec6460bb"
    },
    "package_versions": {
      "torch": "2.11.0+cu128",
      "mamba-ssm": "2.3.2.post1",
      "triton": "3.6.0"
    },
    "cudnn_version": 91900,
    "precision_flags": {
      "tf32_matmul": false,
      "tf32_cudnn": false,
      "fp16_reduced_precision_reduction": true,
      "bf16_reduced_precision_reduction": true,
      "cudnn_benchmark": false,
      "cudnn_deterministic": false,
      "deterministic_algorithms": false,
      "float32_matmul_precision": "highest"
    },
    "determinism_environment": {
      "MAMBA_DETERMINISTIC": null,
      "TRITON_CACHE_AUTOTUNING": null,
      "TRITON_AUTOTUNE_BLOCK_SIZE_M": null,
      "TRITON_AUTOTUNE_BLOCK_SIZE_N": null,
      "TRITON_AUTOTUNE_BLOCK_SIZE_K": null,
      "TRITON_AUTOTUNE_BLOCK_SIZE_DSTATE": null
    },
    "clarification_sha256": "a677dcf896c37474d422ee54abc8f9bea6052e5c76d5835e9cc2b94f304f2f45"
  },
  "restoration": {
    "complete": true,
    "per_window_nll_exact": true,
    "ppl_windows_repeated": 32,
    "target_tokens": 65504,
    "reset_hidden_exact": true,
    "reset_persistent_tensor_hashes_exact": true,
    "cache_allocation_exact": true
  },
  "adapter_loaded": false,
  "adapter_sha256": null,
  "mk_used": false,
  "heldout_used": false,
  "heldout_used_for_selection": false,
  "report_sha256": {
    "baseline": "4d0ce0d0f10cd031f93a584a6adc28f8d56ecf5d8c7c418c056ad4292a583fd7",
    "top1": "9d267f3f16ca489e36ebae02f9973474a71f9e5e3050c2eb64a57fdf727a3f81",
    "top2": "9cdc2772f8788bf782df50c03b4ef5cece5af3d8bfa2509b810fbf490455e044",
    "top4": "a747d1f14ff3f0ed3e24685b669e5ae1af4e27b5148e5afc526b6979519880ae",
    "top8": "c21fc81dc598d25a854a1dec945d8f018e9e1f72a8649e4dd8e0876aa87ded0e",
    "top16": "460adb4dd6a1a6fed8dccca51b2626e0b5861846360b1863e177d9369b8138d2",
    "allnegative": "4f56f3f1468aa679e8b3ea0d965d5d274b75586505696f8e8eaaac28c9275d27",
    "restored_baseline": "440065a174e3a467cf4a3090b7a3f5f95e63b6e096c1b92c78a7b1d08cfc5aae"
  },
  "elapsed_seconds": 94.05468344688416,
  "selection": {
    "selected_id": "top8",
    "selected_variant": "stored_scale",
    "baseline_id": "baseline",
    "valid": [
      "baseline",
      "top1",
      "top2",
      "top4",
      "top8",
      "top16",
      "allnegative"
    ],
    "excluded": [],
    "baseline_wins": false,
    "adapter_used": false,
    "heldout_used": false,
    "mk_used": false,
    "rule": "Minimum complete finite exact-budget disjoint TRAIN PPL; exact ties baseline then frozen candidate export order"
  },
  "selected_vs_baseline": {
    "control_arm": "baseline",
    "candidate_arm": "top8",
    "control_ppl": 8.227528028593206,
    "candidate_ppl": 8.15922569439304,
    "ppl_relative_change": -0.008301683563130213,
    "nll_delta": -546.0632514953613,
    "improved_windows": 23,
    "regressed_windows": 9,
    "unchanged_windows": 0
  }
}
