[state-ppl-v7 arm] preserve_int8__uniform
[preserve_int8__uniform PPL] 1/32 ppl=7.477112
[preserve_int8__uniform PPL] 8/32 ppl=8.603035
[preserve_int8__uniform PPL] 16/32 ppl=8.215222
[preserve_int8__uniform PPL] 24/32 ppl=8.172637
[preserve_int8__uniform PPL] 32/32 ppl=8.179225
[state-ppl-v7 arm] magnitude__uniform
[magnitude__uniform PPL] 1/32 ppl=7.650058
[magnitude__uniform PPL] 8/32 ppl=8.959647
[magnitude__uniform PPL] 16/32 ppl=8.556343
[magnitude__uniform PPL] 24/32 ppl=8.489001
[magnitude__uniform PPL] 32/32 ppl=8.501912
[state-ppl-v7 arm] magnitude__mild
[magnitude__mild PPL] 1/32 ppl=7.886773
[magnitude__mild PPL] 8/32 ppl=9.359043
[magnitude__mild PPL] 16/32 ppl=8.919523
[magnitude__mild PPL] 24/32 ppl=8.806850
[magnitude__mild PPL] 32/32 ppl=8.817339
[state-ppl-v7 arm] magnitude__quadratic
[magnitude__quadratic PPL] 1/32 ppl=8.166129
[magnitude__quadratic PPL] 8/32 ppl=9.986259
[magnitude__quadratic PPL] 16/32 ppl=9.511455
[magnitude__quadratic PPL] 24/32 ppl=9.342984
[magnitude__quadratic PPL] 32/32 ppl=9.297149
[state-ppl-v7 arm] magnitude__fp4like
[magnitude__fp4like PPL] 1/32 ppl=8.165296
[magnitude__fp4like PPL] 8/32 ppl=10.059543
[magnitude__fp4like PPL] 16/32 ppl=9.637385
[magnitude__fp4like PPL] 24/32 ppl=9.436841
[magnitude__fp4like PPL] 32/32 ppl=9.429512
[state-ppl-v7 arm] full_readout__uniform
[full_readout__uniform PPL] 1/32 ppl=7.622245
[full_readout__uniform PPL] 8/32 ppl=8.736500
[full_readout__uniform PPL] 16/32 ppl=8.363827
[full_readout__uniform PPL] 24/32 ppl=8.292768
[full_readout__uniform PPL] 32/32 ppl=8.292190
[state-ppl-v7 arm] full_readout__mild
[full_readout__mild PPL] 1/32 ppl=7.775737
[full_readout__mild PPL] 8/32 ppl=9.141067
[full_readout__mild PPL] 16/32 ppl=8.753200
[full_readout__mild PPL] 24/32 ppl=8.601900
[full_readout__mild PPL] 32/32 ppl=8.597388
[state-ppl-v7 arm] full_readout__quadratic
[full_readout__quadratic PPL] 1/32 ppl=8.133115
[full_readout__quadratic PPL] 8/32 ppl=9.495497
[full_readout__quadratic PPL] 16/32 ppl=8.993180
[full_readout__quadratic PPL] 24/32 ppl=8.888353
[full_readout__quadratic PPL] 32/32 ppl=8.925671
[state-ppl-v7 arm] full_readout__fp4like
[full_readout__fp4like PPL] 1/32 ppl=8.077514
[full_readout__fp4like PPL] 8/32 ppl=9.717578
[full_readout__fp4like PPL] 16/32 ppl=9.277743
[full_readout__fp4like PPL] 24/32 ppl=9.208736
[full_readout__fp4like PPL] 32/32 ppl=9.228901
[state-ppl-v7 arm] preserve_int8__mild
[preserve_int8__mild PPL] 1/32 ppl=7.521921
[preserve_int8__mild PPL] 8/32 ppl=8.936705
[preserve_int8__mild PPL] 16/32 ppl=8.503230
[preserve_int8__mild PPL] 24/32 ppl=8.396853
[preserve_int8__mild PPL] 32/32 ppl=8.404043
[state-ppl-v7 arm] preserve_int8__quadratic
[preserve_int8__quadratic PPL] 1/32 ppl=7.643122
[preserve_int8__quadratic PPL] 8/32 ppl=9.423733
[preserve_int8__quadratic PPL] 16/32 ppl=8.934278
[preserve_int8__quadratic PPL] 24/32 ppl=8.763934
[preserve_int8__quadratic PPL] 32/32 ppl=8.774023
[state-ppl-v7 arm] preserve_int8__fp4like
[preserve_int8__fp4like PPL] 1/32 ppl=7.845954
[preserve_int8__fp4like PPL] 8/32 ppl=9.556616
[preserve_int8__fp4like PPL] 16/32 ppl=8.998102
[preserve_int8__fp4like PPL] 24/32 ppl=8.894153
[preserve_int8__fp4like PPL] 32/32 ppl=8.895973
[state-ppl-v7 arm] preserve_retained80__uniform
[preserve_retained80__uniform PPL] 1/32 ppl=7.758476
[preserve_retained80__uniform PPL] 8/32 ppl=8.902694
[preserve_retained80__uniform PPL] 16/32 ppl=8.550009
[preserve_retained80__uniform PPL] 24/32 ppl=8.479362
[preserve_retained80__uniform PPL] 32/32 ppl=8.485543
[state-ppl-v7 arm] preserve_retained80__mild
[preserve_retained80__mild PPL] 1/32 ppl=8.206638
[preserve_retained80__mild PPL] 8/32 ppl=9.379047
[preserve_retained80__mild PPL] 16/32 ppl=9.001786
[preserve_retained80__mild PPL] 24/32 ppl=8.845923
[preserve_retained80__mild PPL] 32/32 ppl=8.855592
[state-ppl-v7 arm] preserve_retained80__quadratic
[preserve_retained80__quadratic PPL] 1/32 ppl=8.618351
[preserve_retained80__quadratic PPL] 8/32 ppl=9.833106
[preserve_retained80__quadratic PPL] 16/32 ppl=9.368131
[preserve_retained80__quadratic PPL] 24/32 ppl=9.261352
[preserve_retained80__quadratic PPL] 32/32 ppl=9.277441
[state-ppl-v7 arm] preserve_retained80__fp4like
[preserve_retained80__fp4like PPL] 1/32 ppl=8.508453
[preserve_retained80__fp4like PPL] 8/32 ppl=10.182073
[preserve_retained80__fp4like PPL] 16/32 ppl=9.665276
[preserve_retained80__fp4like PPL] 24/32 ppl=9.523268
[preserve_retained80__fp4like PPL] 32/32 ppl=9.540667
[state-ppl-v7 arm] restored_baseline
[restored_baseline PPL] 1/32 ppl=7.477112
[restored_baseline PPL] 8/32 ppl=8.603035
[restored_baseline PPL] 16/32 ppl=8.215222
[restored_baseline PPL] 24/32 ppl=8.172637
[restored_baseline PPL] 32/32 ppl=8.179225
{
  "format": "MAMBA2_STATE_PPL_V7_COMPARISON_V1",
  "complete": true,
  "stage": "screen",
  "protocol_sha256": "84ffdce1d9e5d5dbac2b6996072f0db09bd1bf79fd3c55dad8b8f35973cd5d14",
  "input_binding": {
    "v6_input_binding": {
      "protocol_sha256": "86d4e8dc85d79c2c867ce15a846c5938893c86d27e67ad174472975e654e9bff",
      "v5_protocol_sha256": "ce700910f27230e062fe62e89dd6bddee05bcbf7bb7972c59fdba24cb3db9f5d",
      "source_sha256": "47c2766f6aad89d73beafbeaecb334aab902d7370906d081764a90bb7a8bbbcb",
      "tokenizer_sha256": "5862e2f71caf762bc9845662be5fec2867deb58d874568235a02a36c5111cd09",
      "train_file_sha256": "e54b02e5162e042a9cdd504f4eb1b1652724fb240bbc2c97608967aa26297233",
      "prose_manifest_sha256": "facb2ca461615a4199781bd21784d642d6674f5b862641b3b9edac3fb499b89d",
      "candidates_sha256": "cd86a755db5004c716922696cf5532b307c57f5fb7dad4bcca298eb58b55f9a7",
      "candidates_receipt_sha256": "9e0a42f52fc8f9bde587cc81e64989db4c9290a4b2e39ec6689771e40c1ddc4d",
      "v5_selected_calibration_sha256": "c525fbf62ef4a72db2d4bb13c13920d9f5d4946485538da0f00a369aab3092e3",
      "v5_selected_receipt_sha256": "482399518e5b41561d93cf1db2509949d27f522b1a720bea1e6e10a3864c77d6",
      "v5_selection_report_sha256": "a7ff703281309d83031d4b3bc3b4c6edf718e8646fa62506ff162dbf1cd62437",
      "codec_checks_sha256": "81a65cd0f56e6ad4a7a87fc464abde6509a4315143c38c52c88a67be61e4a54f",
      "table_sha256": {
        "magnitude": "6d2b53f63d0a56b527840b344be8396da483f3a6affd3d89fbbe0747d9bdd327",
        "full_readout": "a3f33fba0433bce8de413dd22baa8c0d3b40c3934be6eee5bea75b4e306f81b3",
        "preserve_int8": "6dc1c15ca18d07fb87de8f0517baecbf47adec0846575172fa344f86ac10cde5",
        "preserve_retained80": "9789f1a45b0487ec15a104bfc60d33af14a5fce4d4290344eb5264ad0ddef536"
      },
      "v4_statistics_sha256": "8509bb266d40875608f3e0b3be22407fd6ea1b8aacbc79ce04e958726516b0a4",
      "original_calibration_sha256": "c366cd577967e64635f1dd960237dc1c0024d7413685ce0b4c4e40da869a7023"
    },
    "v6_selected_sha256": "098930d1af5e5821b277640d236f7607c6428b48d36f7117e2ea4aa87e656303",
    "kernel_checks_sha256": "39e144981be100ce5e5f0003342370623ed2e1c9d349f01a29a8b0b3a32b507a",
    "protocol_sha256": "84ffdce1d9e5d5dbac2b6996072f0db09bd1bf79fd3c55dad8b8f35973cd5d14",
    "source_sha256": "47c2766f6aad89d73beafbeaecb334aab902d7370906d081764a90bb7a8bbbcb",
    "tokenizer_sha256": "5862e2f71caf762bc9845662be5fec2867deb58d874568235a02a36c5111cd09",
    "train_sha256": "e54b02e5162e042a9cdd504f4eb1b1652724fb240bbc2c97608967aa26297233",
    "candidates_sha256": "cd86a755db5004c716922696cf5532b307c57f5fb7dad4bcca298eb58b55f9a7"
  },
  "code_hashes": {
    "docs/RESURFACE_MORE_BACKEND_REPLAY.md": "a677dcf896c37474d422ee54abc8f9bea6052e5c76d5835e9cc2b94f304f2f45",
    "docs/STATE_PPL_V6_PROTOCOL.md": "86d4e8dc85d79c2c867ce15a846c5938893c86d27e67ad174472975e654e9bff",
    "docs/STATE_PPL_V7_PROTOCOL.md": "84ffdce1d9e5d5dbac2b6996072f0db09bd1bf79fd3c55dad8b8f35973cd5d14",
    "mamba2_recall/__init__.py": "79b32606ac476c3248911c55571bf97f96689770067856ce8347837478ef33fd",
    "mamba2_recall/calibration.py": "54e178521abfe2513fb7bac2aed2ef178fc01b63135222ecc212001ee3ce0a04",
    "mamba2_recall/evaluation.py": "95cba0b201e37f92e6cbfadb9b3e9d79ba7b0cdc9efda6a58a6216b0d84d35e0",
    "mamba2_recall/resurface_data.py": "1a547fe3cedca406d6e3db85f65c3ce554558691e3b29b9c92d8fd6bd1c1ba35",
    "mamba2_recall/resurface_loss.py": "ec045368583b6e49f484341b2d718658bb59e8d11050710377742752c1c67294",
    "mamba2_recall/resurface_native.py": "2dd08c7ee8958c832f0ae9da7cf5f261dceeff3e528e493c905c7c52df7166d7",
    "mamba2_recall/runtime.py": "73a405b4286dda403f252cf0b73d367adcfead96298a1e6f440b65f5b309530c",
    "mamba2_recall/state_codec.py": "56bd56d2fcb96382a4c6139824245f7608e903bbf1e3d07c9ea6d61ac8ce371a",
    "mamba2_recall/state_codec_dense3.py": "b2643076540ec67f4b879ba9dc2c512fdbfdf3c3db7c957902002e1bc5df0a05",
    "mamba2_recall/state_quant.py": "d57ccba302c81808456ef8ccd9bc36bcb22ee976b2e4cad5efe43f99e4e17efd",
    "mamba2_recall/state_quant_dense3.py": "946bdb08d1557d364e8b1f4264412dffcd2481227daee4bfdba6a5238729f9fd",
    "mamba2_recall/state_repair_calibration.py": "c1ae810a452a16a2766cd68438303df16cd10c617e68e226429541dd33ebc86d",
    "mamba2_recall/state_training.py": "2d7babbf5d402e3dafaa69681ebd3028452a688b31cb1b6c4fc18d1d73dbb894",
    "mamba2_recall/state_training_scan.py": "cc33e0b88e2b5d6649fdfc85570ba484363eea34b14b536de669fd4c7d0b54ba",
    "scripts/check_state_ppl_codec_v6.py": "d5feee53129c54548f8ba3c9a579633c41b153ebab57a5e0550d5dda0316d7b1",
    "scripts/check_state_ppl_codec_v7.py": "bf8d3ff3c291750d99b6272267c77aab0a9f94beb4ab89dbf60974d33fa07940",
    "scripts/evaluate_quant_first.py": "4f74c373537785bb877b0d03cbc531a8f1a8480666a74d9bb93966cc226aa7a4",
    "scripts/evaluate_resurface_more.py": "dd5af73e0c201c931a27e3563977ae1fb1f093eb43440ff2b130ce2db985a732",
    "scripts/prepare_quant_first.py": "47885b474702a414a5ca9cc7b6a9dea1ee55a988469b80bb04a14812eee4eae5",
    "scripts/prepare_state_first_v5.py": "848eb4b3dfde96de02affc391d715a3ae74ed37ac4831d0a2760ecd33893c474",
    "scripts/run_state_ppl_v6.py": "c5fe407ab9d0c94ef4acd83abbb9a57028c1d5e284a21ae56adb5231def29baf",
    "scripts/run_state_ppl_v7.py": "04143dada2d323673949193d74ec8c0c72b9c6a43ac9f9130134dd094694a796",
    "scripts/run_statequant.py": "0f56215a494395c6e1ab68c38fd80aee4faf70b8d1b3bfd714d09fd5d7ff6d8d",
    "scripts/state_ppl_codec_v6.py": "76d76577559c8bb8d86907934f2d65282da27e1d1e8e378392eba5809ae34c54",
    "scripts/state_ppl_codec_v7.py": "4afe8a6d835a501faffb35f32fab314fc114fb20c0308fb5eaabff6d616ff8fb"
  },
  "backend_policy": {
    "format": "MAMBA2_ARCHIVED_RMSNORM_REPLAY_POLICY_V1",
    "kernel": "mamba_ssm.ops.triton.layer_norm._layer_norm_fwd_1pass_kernel",
    "original_configs": [
      {
        "kwargs": {},
        "num_warps": 1,
        "num_stages": 3,
        "num_ctas": 1,
        "maxnreg": null,
        "pre_hook_is_none": true
      },
      {
        "kwargs": {},
        "num_warps": 2,
        "num_stages": 3,
        "num_ctas": 1,
        "maxnreg": null,
        "pre_hook_is_none": true
      },
      {
        "kwargs": {},
        "num_warps": 4,
        "num_stages": 3,
        "num_ctas": 1,
        "maxnreg": null,
        "pre_hook_is_none": true
      },
      {
        "kwargs": {},
        "num_warps": 8,
        "num_stages": 3,
        "num_ctas": 1,
        "maxnreg": null,
        "pre_hook_is_none": true
      },
      {
        "kwargs": {},
        "num_warps": 16,
        "num_stages": 3,
        "num_ctas": 1,
        "maxnreg": null,
        "pre_hook_is_none": true
      },
      {
        "kwargs": {},
        "num_warps": 32,
        "num_stages": 3,
        "num_ctas": 1,
        "maxnreg": null,
        "pre_hook_is_none": true
      }
    ],
    "selected_config": {
      "kwargs": {},
      "num_warps": 16,
      "num_stages": 3,
      "num_ctas": 1,
      "maxnreg": null,
      "pre_hook_is_none": true
    },
    "singleton_config_bypasses_autotuning": true,
    "applied_before_first_model_load": true,
    "candidate_used_for_selection": false,
    "selection_basis": "Only warp16 exactly matches both archived S16 and parent first-window NLL; full archived parent replay remains mandatory",
    "external_source_sha256": {
      "mamba_ssm.ops.triton.layer_norm": "0cecae69ed780c07454fe067f9738608a53ebb17ae6046988d13bbbd84ca128b",
      "mamba_ssm.utils.determinism": "cb6e1c30392c11200425c2a23ad9fa3d47f50b556d15e9b0caf79b7d483d6f1d",
      "triton.runtime.autotuner": "40f5e142806219942585a16742e9f3721d5bfef88145b571cf389f9aec6460bb"
    },
    "package_versions": {
      "torch": "2.11.0+cu128",
      "mamba-ssm": "2.3.2.post1",
      "triton": "3.6.0"
    },
    "cudnn_version": 91900,
    "precision_flags": {
      "tf32_matmul": false,
      "tf32_cudnn": false,
      "fp16_reduced_precision_reduction": true,
      "bf16_reduced_precision_reduction": true,
      "cudnn_benchmark": false,
      "cudnn_deterministic": false,
      "deterministic_algorithms": false,
      "float32_matmul_precision": "highest"
    },
    "determinism_environment": {
      "MAMBA_DETERMINISTIC": null,
      "TRITON_CACHE_AUTOTUNING": null,
      "TRITON_AUTOTUNE_BLOCK_SIZE_M": null,
      "TRITON_AUTOTUNE_BLOCK_SIZE_N": null,
      "TRITON_AUTOTUNE_BLOCK_SIZE_K": null,
      "TRITON_AUTOTUNE_BLOCK_SIZE_DSTATE": null
    },
    "clarification_sha256": "a677dcf896c37474d422ee54abc8f9bea6052e5c76d5835e9cc2b94f304f2f45"
  },
  "restoration": {
    "complete": true,
    "per_window_nll_exact": true,
    "ppl_windows_repeated": 32,
    "target_tokens": 65504,
    "reset_hidden_exact": true,
    "reset_persistent_tensor_hashes_exact": true,
    "cache_allocation_exact": true
  },
  "adapter_loaded": false,
  "adapter_sha256": null,
  "mk_used": false,
  "heldout_used": false,
  "heldout_used_for_selection": false,
  "report_sha256": {
    "preserve_int8__uniform": "a8f80ed339a0d4b3ea4fea55a5fbb4416ddbb1322059498bb86f41dcc32ce0ce",
    "magnitude__uniform": "dd4ada9140c7f3e1f9a2c4ae2832bb0a7e61db1f4a15cfd356742e1dafde6b0a",
    "magnitude__mild": "0c64bd7e6c1710b1255695f6db4b9ecad0800315089050116454966ec8dc9798",
    "magnitude__quadratic": "c9aa5103266eff15bc70ae4116b0429236f5fa94352c8d96e4eea16456909185",
    "magnitude__fp4like": "ce13a05be6b03e3a08a62b64215414b95d3306f783aeed3213f820fb15341636",
    "full_readout__uniform": "dfddfa5bc44ca43241a4723454480ed56f9cdfd37a86703e1fbe4951ad993821",
    "full_readout__mild": "2de8eca7d9cd4a79685cc4d81e03c05e12c62a8702db50692edf3768615dac60",
    "full_readout__quadratic": "1fafcc7a961a940c6e7ab5abd152287bacf58cec5b58a16fba619e62c770daf1",
    "full_readout__fp4like": "885996a8e27bb0bbd20b7ad79ae8fa36404781d6a2f0d26872fde1003e708985",
    "preserve_int8__mild": "cd14dfa295a26a762cfb14d8812faa661444bb671688f30faacfe6da1b49602e",
    "preserve_int8__quadratic": "84cc52c5d7715f17287d10feff6c0fb3ea423d329ddc8d63769dbcf6924c4a25",
    "preserve_int8__fp4like": "ae87547cc3c299473533fd51a526a7e29c66bc3ffa58db19c19eaae4bbd07268",
    "preserve_retained80__uniform": "5e20b41fb66825da02ef5aaa23e39e195ac7bff7ee535247a8cb0b32574578ec",
    "preserve_retained80__mild": "2b438a9c3c202fd71368f66437199e9a9c1f77d6608343ce5a11fbeba6828157",
    "preserve_retained80__quadratic": "8e84f94380019fc74e5f76016eef4462ebdb95fee17fde0e1ba644730ff6b3a5",
    "preserve_retained80__fp4like": "537a044b38c1a60398d6ae7687cae1de174858d6e2be5f35f9b2a4c3c98f9070",
    "restored_baseline": "dcd5b583895ad5c3fb26ac7fc24291a34852c8cea79b33867bc9d5ae920b19e1"
  },
  "elapsed_seconds": 506.8969957828522,
  "selection": {
    "selected_id": "preserve_int8__uniform",
    "selected_kind": "preserve_int8",
    "selected_codebook": "uniform",
    "baseline_id": "preserve_int8__uniform",
    "valid": [
      "magnitude__uniform",
      "magnitude__mild",
      "magnitude__quadratic",
      "magnitude__fp4like",
      "full_readout__uniform",
      "full_readout__mild",
      "full_readout__quadratic",
      "full_readout__fp4like",
      "preserve_int8__uniform",
      "preserve_int8__mild",
      "preserve_int8__quadratic",
      "preserve_int8__fp4like",
      "preserve_retained80__uniform",
      "preserve_retained80__mild",
      "preserve_retained80__quadratic",
      "preserve_retained80__fp4like"
    ],
    "excluded": [],
    "baseline_wins": true,
    "adapter_used": false,
    "heldout_used": false,
    "mk_used": false,
    "rule": "Minimum complete finite exact-budget TRAIN PPL; exact ties baseline then fixed candidate order"
  },
  "selected_vs_baseline": {
    "control_arm": "preserve_int8__uniform",
    "candidate_arm": "preserve_int8__uniform",
    "control_ppl": 8.179224895870405,
    "candidate_ppl": 8.179224895870405,
    "ppl_relative_change": 0.0,
    "nll_delta": 0.0,
    "improved_windows": 0,
    "regressed_windows": 0,
    "unchanged_windows": 32
  }
}
