{"name": "frozen-protocol", "pass": true}
{"name": "fixed-codebook-FP32-bits", "pass": true, "codebook_bits": {"uniform": [0, 1065353216, 1073741824, 1077936128, 1082130432, 1084227584, 1086324736, 1088421888], "mild": [0, 1056964608, 1069547520, 1075838976, 1080033280, 1083179008, 1085276160, 1088421888], "quadratic": [0, 1041385765, 1058162981, 1067749961, 1074940197, 1080332873, 1084527177, 1088421888], "fp4like": [0, 1058362709, 1066751317, 1071644672, 1075139925, 1080033280, 1083528533, 1088421888]}}
{"name": "CPU-signed-midpoint-scope-mild", "pass": true, "values": 255, "exact_positive_midpoints": 35}
{"name": "GPU-signed-midpoints-zero-subnormal-mild", "pass": true, "values": 255, "codes_exact": true, "decoded_exact": true, "actual_codes": [0, 0, 0, 0, 0, 0, 0, 0, 0, 0, 0, 0, 0, 0, 0, 0, 0, 0, 0, 0, 0, 0, 0, 0, 0, 0, 0, 0, 0, 0, 0, 0, 0, 0, 0, 0, 0, 0, 0, 0, 0, 0, 0, 0, 1, -1, 1, -1, 1, -1, 2, -2, 2, -2, 2, -2, 3, -3, 3, -3, 3, -3, 4, -4, 4, -4, 4, -4, 5, -5, 5, -5, 5, -5, 6, -6, 6, -6, 6, -6, 7, -7, 7, -7, 0, 0, 1, -1, 1, -1, 1, -1, 2, -2, 2, -2, 2, -2, 3, -3, 3, -3, 3, -3, 4, -4, 4, -4, 4, -4, 5, -5, 5, -5, 5, -5, 6, -6, 6, -6, 6, -6, 7, -7, 7, -7, 0, 0, 1, -1, 1, -1, 1, -1, 2, -2, 2, -2, 2, -2, 3, -3, 3, -3, 3, -3, 4, -4, 4, -4, 4, -4, 5, -5, 5, -5, 5, -5, 6, -6, 6, -6, 6, -6, 7, -7, 7, -7, 0, 0, 1, -1, 1, -1, 1, -1, 2, -2, 2, -2, 2, -2, 3, -3, 3, -3, 3, -3, 4, -4, 4, -4, 4, -4, 5, -5, 5, -5, 5, -5, 6, -6, 6, -6, 6, -6, 7, -7, 7, -7, 0, 0, 1, -1, 1, -1, 1, -1, 2, -2, 2, -2, 2, -2, 3, -3, 3, -3, 3, -3, 4, -4, 4, -4, 4, -4, 5, -5, 5, -5, 5, -5, 6, -6, 6, -6, 6, -6, 7, -7, 7, -7, 0, 0, 0], "actual_decoded_bits": [0, 0, 0, 0, 0, 0, 0, 0, 0, 0, 0, 0, 0, 0, 0, 0, 0, 0, 0, 0, 0, 0, 0, 0, 0, 0, 0, 0, 0, 0, 0, 0, 0, 0, 0, 0, 0, 0, 0, 0, 0, 0, 0, 0, 855638016, 3003121664, 855638016, 3003121664, 855638016, 3003121664, 868220928, 3015704576, 868220928, 3015704576, 868220928, 3015704576, 874512384, 3021996032, 874512384, 3021996032, 874512384, 3021996032, 878706688, 3026190336, 878706688, 3026190336, 878706688, 3026190336, 881852416, 3029336064, 881852416, 3029336064, 881852416, 3029336064, 883949568, 3031433216, 883949568, 3031433216, 883949568, 3031433216, 887095296, 3034578944, 887095296, 3034578944, 0, 0, 939524096, 3087007744, 939524096, 3087007744, 939524096, 3087007744, 952107008, 3099590656, 952107008, 3099590656, 952107008, 3099590656, 958398464, 3105882112, 958398464, 3105882112, 958398464, 3105882112, 962592768, 3110076416, 962592768, 3110076416, 962592768, 3110076416, 965738496, 3113222144, 965738496, 3113222144, 965738496, 3113222144, 967835648, 3115319296, 967835648, 3115319296, 967835648, 3115319296, 970981376, 3118465024, 970981376, 3118465024, 0, 0, 1016815616, 3164299264, 1016815616, 3164299264, 1016815616, 3164299264, 1030295552, 3177779200, 1030295552, 3177779200, 1030295552, 3177779200, 1036138496, 3183622144, 1036138496, 3183622144, 1036138496, 3183622144, 1040708608, 3188192256, 1040708608, 3188192256, 1040708608, 3188192256, 1043254272, 3190737920, 1043254272, 3190737920, 1043254272, 3190737920, 1045799936, 3193283584, 1045799936, 3193283584, 1045799936, 3193283584, 1049097216, 3196580864, 1049097216, 3196580864, 0, 0, 1056964608, 3204448256, 1056964608, 3204448256, 1056964608, 3204448256, 1069547520, 3217031168, 1069547520, 3217031168, 1069547520, 3217031168, 1075838976, 3223322624, 1075838976, 3223322624, 1075838976, 3223322624, 1080033280, 3227516928, 1080033280, 3227516928, 1080033280, 3227516928, 1083179008, 3230662656, 1083179008, 3230662656, 1083179008, 3230662656, 1085276160, 3232759808, 1085276160, 3232759808, 1085276160, 3232759808, 1088421888, 3235905536, 1088421888, 3235905536, 0, 0, 1191174144, 3338657792, 1191174144, 3338657792, 1191174144, 3338657792, 1203759104, 3351242752, 1203759104, 3351242752, 1203759104, 3351242752, 1210051584, 3357535232, 1210051584, 3357535232, 1210051584, 3357535232, 1214243840, 3361727488, 1214243840, 3361727488, 1214243840, 3361727488, 1217392128, 3364875776, 1217392128, 3364875776, 1217392128, 3364875776, 1219488256, 3366971904, 1219488256, 3366971904, 1219488256, 3366971904, 1222632448, 3370116096, 1222632448, 3370116096, 0, 0, 0]}
{"name": "CPU-signed-midpoint-scope-quadratic", "pass": true, "values": 255, "exact_positive_midpoints": 12}
{"name": "GPU-signed-midpoints-zero-subnormal-quadratic", "pass": true, "values": 255, "codes_exact": true, "decoded_exact": true, "actual_codes": [0, 0, 0, 0, 0, 0, 0, 0, 0, 0, 0, 0, 0, 0, 0, 0, 0, 0, 0, 0, 0, 0, 0, 0, 0, 0, 0, 0, 0, 0, 0, 0, 0, 0, 0, 0, 0, 0, 0, 0, 0, 0, 0, 0, 1, -1, 1, -1, 1, -1, 1, -1, 2, -2, 2, -2, 3, -3, 3, -3, 3, -3, 4, -4, 4, -4, 4, -4, 5, -5, 5, -5, 5, -5, 6, -6, 6, -6, 6, -6, 6, -6, 7, -7, 0, 0, 1, -1, 1, -1, 1, -1, 1, -1, 2, -2, 2, -2, 3, -3, 3, -3, 3, -3, 4, -4, 4, -4, 4, -4, 5, -5, 5, -5, 5, -5, 6, -6, 6, -6, 6, -6, 6, -6, 7, -7, 0, 0, 1, -1, 1, -1, 1, -1, 1, -1, 2, -2, 2, -2, 3, -3, 3, -3, 3, -3, 4, -4, 4, -4, 4, -4, 5, -5, 5, -5, 5, -5, 6, -6, 6, -6, 6, -6, 7, -7, 7, -7, 0, 0, 1, -1, 1, -1, 1, -1, 1, -1, 2, -2, 2, -2, 3, -3, 3, -3, 3, -3, 4, -4, 4, -4, 4, -4, 5, -5, 5, -5, 5, -5, 6, -6, 6, -6, 6, -6, 6, -6, 7, -7, 0, 0, 1, -1, 1, -1, 1, -1, 2, -2, 2, -2, 2, -2, 3, -3, 3, -3, 3, -3, 4, -4, 4, -4, 4, -4, 5, -5, 5, -5, 5, -5, 5, -5, 6, -6, 6, -6, 7, -7, 7, -7, 0, 0, 0], "actual_decoded_bits": [0, 0, 0, 0, 0, 0, 0, 0, 0, 0, 0, 0, 0, 0, 0, 0, 0, 0, 0, 0, 0, 0, 0, 0, 0, 0, 0, 0, 0, 0, 0, 0, 0, 0, 0, 0, 0, 0, 0, 0, 0, 0, 0, 0, 840059173, 2987542821, 840059173, 2987542821, 840059173, 2987542821, 840059173, 2987542821, 856836389, 3004320037, 856836389, 3004320037, 866423369, 3013907017, 866423369, 3013907017, 866423369, 3013907017, 873613605, 3021097253, 873613605, 3021097253, 873613605, 3021097253, 879006281, 3026489929, 879006281, 3026489929, 879006281, 3026489929, 883200585, 3030684233, 883200585, 3030684233, 883200585, 3030684233, 883200585, 3030684233, 887095296, 3034578944, 0, 0, 923945253, 3071428901, 923945253, 3071428901, 923945253, 3071428901, 923945253, 3071428901, 940722469, 3088206117, 940722469, 3088206117, 950309449, 3097793097, 950309449, 3097793097, 950309449, 3097793097, 957499685, 3104983333, 957499685, 3104983333, 957499685, 3104983333, 962892361, 3110376009, 962892361, 3110376009, 962892361, 3110376009, 967086665, 3114570313, 967086665, 3114570313, 967086665, 3114570313, 967086665, 3114570313, 970981376, 3118465024, 0, 0, 1001493066, 3148976714, 1001493066, 3148976714, 1001493066, 3148976714, 1001493066, 3148976714, 1018270282, 3165753930, 1018270282, 3165753930, 1028113554, 3175597202, 1028113554, 3175597202, 1028113554, 3175597202, 1035047498, 3182531146, 1035047498, 3182531146, 1035047498, 3182531146, 1040890441, 3188374089, 1040890441, 3188374089, 1040890441, 3188374089, 1044890770, 3192374418, 1044890770, 3192374418, 1044890770, 3192374418, 1049097216, 3196580864, 1049097216, 3196580864, 0, 0, 1041385765, 3188869413, 1041385765, 3188869413, 1041385765, 3188869413, 1041385765, 3188869413, 1058162981, 3205646629, 1058162981, 3205646629, 1067749961, 3215233609, 1067749961, 3215233609, 1067749961, 3215233609, 1074940197, 3222423845, 1074940197, 3222423845, 1074940197, 3222423845, 1080332873, 3227816521, 1080332873, 3227816521, 1080332873, 3227816521, 1084527177, 3232010825, 1084527177, 3232010825, 1084527177, 3232010825, 1084527177, 3232010825, 1088421888, 3235905536, 0, 0, 1175598812, 3323082460, 1175598812, 3323082460, 1175598812, 3323082460, 1192376028, 3339859676, 1192376028, 3339859676, 1192376028, 3339859676, 1201962423, 3349446071, 1201962423, 3349446071, 1201962423, 3349446071, 1209153244, 3356636892, 1209153244, 3356636892, 1209153244, 3356636892, 1214543287, 3362026935, 1214543287, 3362026935, 1214543287, 3362026935, 1214543287, 3362026935, 1218739639, 3366223287, 1218739639, 3366223287, 1222632448, 3370116096, 1222632448, 3370116096, 0, 0, 0]}
{"name": "CPU-signed-midpoint-scope-fp4like", "pass": true, "values": 255, "exact_positive_midpoints": 11}
{"name": "GPU-signed-midpoints-zero-subnormal-fp4like", "pass": true, "values": 255, "codes_exact": true, "decoded_exact": true, "actual_codes": [0, 0, 0, 0, 0, 0, 0, 0, 0, 0, 0, 0, 0, 0, 0, 0, 0, 0, 0, 0, 0, 0, 0, 0, 0, 0, 0, 0, 0, 0, 0, 0, 0, 0, 0, 0, 0, 0, 0, 0, 0, 0, 0, 0, 1, -1, 1, -1, 1, -1, 2, -2, 2, -2, 2, -2, 2, -2, 3, -3, 3, -3, 3, -3, 4, -4, 4, -4, 4, -4, 5, -5, 5, -5, 5, -5, 6, -6, 6, -6, 6, -6, 7, -7, 0, 0, 1, -1, 1, -1, 1, -1, 2, -2, 2, -2, 2, -2, 2, -2, 3, -3, 3, -3, 3, -3, 4, -4, 4, -4, 4, -4, 5, -5, 5, -5, 5, -5, 6, -6, 6, -6, 6, -6, 7, -7, 0, 0, 1, -1, 1, -1, 1, -1, 2, -2, 2, -2, 2, -2, 2, -2, 3, -3, 3, -3, 3, -3, 4, -4, 4, -4, 4, -4, 5, -5, 5, -5, 5, -5, 6, -6, 6, -6, 6, -6, 7, -7, 0, 0, 1, -1, 1, -1, 1, -1, 2, -2, 2, -2, 2, -2, 2, -2, 3, -3, 3, -3, 3, -3, 4, -4, 4, -4, 4, -4, 5, -5, 5, -5, 5, -5, 6, -6, 6, -6, 6, -6, 7, -7, 0, 0, 1, -1, 1, -1, 1, -1, 2, -2, 2, -2, 2, -2, 3, -3, 3, -3, 3, -3, 4, -4, 4, -4, 4, -4, 5, -5, 5, -5, 5, -5, 6, -6, 6, -6, 6, -6, 7, -7, 7, -7, 0, 0, 0], "actual_decoded_bits": [0, 0, 0, 0, 0, 0, 0, 0, 0, 0, 0, 0, 0, 0, 0, 0, 0, 0, 0, 0, 0, 0, 0, 0, 0, 0, 0, 0, 0, 0, 0, 0, 0, 0, 0, 0, 0, 0, 0, 0, 0, 0, 0, 0, 857036117, 3004519765, 857036117, 3004519765, 857036117, 3004519765, 865424725, 3012908373, 865424725, 3012908373, 865424725, 3012908373, 865424725, 3012908373, 870318080, 3017801728, 870318080, 3017801728, 870318080, 3017801728, 873813333, 3021296981, 873813333, 3021296981, 873813333, 3021296981, 878706688, 3026190336, 878706688, 3026190336, 878706688, 3026190336, 882201941, 3029685589, 882201941, 3029685589, 882201941, 3029685589, 887095296, 3034578944, 0, 0, 940922197, 3088405845, 940922197, 3088405845, 940922197, 3088405845, 949310805, 3096794453, 949310805, 3096794453, 949310805, 3096794453, 949310805, 3096794453, 954204160, 3101687808, 954204160, 3101687808, 954204160, 3101687808, 957699413, 3105183061, 957699413, 3105183061, 957699413, 3105183061, 962592768, 3110076416, 962592768, 3110076416, 962592768, 3110076416, 966088021, 3113571669, 966088021, 3113571669, 966088021, 3113571669, 970981376, 3118465024, 0, 0, 1018512725, 3165996373, 1018512725, 3165996373, 1018512725, 3165996373, 1026901333, 3174384981, 1026901333, 3174384981, 1026901333, 3174384981, 1026901333, 3174384981, 1032320000, 3179803648, 1032320000, 3179803648, 1032320000, 3179803648, 1035289941, 3182773589, 1035289941, 3182773589, 1035289941, 3182773589, 1040708608, 3188192256, 1040708608, 3188192256, 1040708608, 3188192256, 1043678549, 3191162197, 1043678549, 3191162197, 1043678549, 3191162197, 1049097216, 3196580864, 0, 0, 1058362709, 3205846357, 1058362709, 3205846357, 1058362709, 3205846357, 1066751317, 3214234965, 1066751317, 3214234965, 1066751317, 3214234965, 1066751317, 3214234965, 1071644672, 3219128320, 1071644672, 3219128320, 1071644672, 3219128320, 1075139925, 3222623573, 1075139925, 3222623573, 1075139925, 3222623573, 1080033280, 3227516928, 1080033280, 3227516928, 1080033280, 3227516928, 1083528533, 3231012181, 1083528533, 3231012181, 1083528533, 3231012181, 1088421888, 3235905536, 0, 0, 1192575658, 3340059306, 1192575658, 3340059306, 1192575658, 3340059306, 1200964266, 3348447914, 1200964266, 3348447914, 1200964266, 3348447914, 1205855232, 3353338880, 1205855232, 3353338880, 1205855232, 3353338880, 1209352874, 3356836522, 1209352874, 3356836522, 1209352874, 3356836522, 1214243840, 3361727488, 1214243840, 3361727488, 1214243840, 3361727488, 1217741482, 3365225130, 1217741482, 3365225130, 1217741482, 3365225130, 1222632448, 3370116096, 1222632448, 3370116096, 0, 0, 0]}
{"name": "CPU-one-step-finite-ties-uniform", "pass": true}
{"name": "GPU-one-step-exact-ties-uniform", "pass": true}
{"name": "CPU-one-step-finite-ties-mild", "pass": true}
{"name": "GPU-one-step-exact-ties-mild", "pass": true}
{"name": "CPU-one-step-finite-ties-quadratic", "pass": true}
{"name": "GPU-one-step-exact-ties-quadratic", "pass": true}
{"name": "CPU-one-step-finite-ties-fp4like", "pass": true}
{"name": "GPU-one-step-exact-ties-fp4like", "pass": true}
{"name": "CPU-one-step-finite-negative-uniform", "pass": true}
{"name": "GPU-one-step-exact-negative-uniform", "pass": true}
{"name": "CPU-one-step-finite-negative-mild", "pass": true}
{"name": "GPU-one-step-exact-negative-mild", "pass": true}
{"name": "CPU-one-step-finite-negative-quadratic", "pass": true}
{"name": "GPU-one-step-exact-negative-quadratic", "pass": true}
{"name": "CPU-one-step-finite-negative-fp4like", "pass": true}
{"name": "GPU-one-step-exact-negative-fp4like", "pass": true}
{"name": "CPU-one-step-finite-zero-uniform", "pass": true}
{"name": "GPU-one-step-exact-zero-uniform", "pass": true}
{"name": "CPU-one-step-finite-zero-mild", "pass": true}
{"name": "GPU-one-step-exact-zero-mild", "pass": true}
{"name": "CPU-one-step-finite-zero-quadratic", "pass": true}
{"name": "GPU-one-step-exact-zero-quadratic", "pass": true}
{"name": "CPU-one-step-finite-zero-fp4like", "pass": true}
{"name": "GPU-one-step-exact-zero-fp4like", "pass": true}
{"name": "CPU-one-step-finite-rounded_scales-uniform", "pass": true}
{"name": "GPU-one-step-exact-rounded_scales-uniform", "pass": true}
{"name": "CPU-one-step-finite-rounded_scales-mild", "pass": true}
{"name": "GPU-one-step-exact-rounded_scales-mild", "pass": true}
{"name": "CPU-one-step-finite-rounded_scales-quadratic", "pass": true}
{"name": "GPU-one-step-exact-rounded_scales-quadratic", "pass": true}
{"name": "CPU-one-step-finite-rounded_scales-fp4like", "pass": true}
{"name": "GPU-one-step-exact-rounded_scales-fp4like", "pass": true}
{"name": "CPU-one-step-finite-underflow-uniform", "pass": true}
{"name": "GPU-one-step-exact-underflow-uniform", "pass": true}
{"name": "CPU-one-step-finite-underflow-mild", "pass": true}
{"name": "GPU-one-step-exact-underflow-mild", "pass": true}
{"name": "CPU-one-step-finite-underflow-quadratic", "pass": true}
{"name": "GPU-one-step-exact-underflow-quadratic", "pass": true}
{"name": "CPU-one-step-finite-underflow-fp4like", "pass": true}
{"name": "GPU-one-step-exact-underflow-fp4like", "pass": true}
{"name": "CPU-one-step-finite-subnormal-uniform", "pass": true}
{"name": "GPU-one-step-exact-subnormal-uniform", "pass": true}
{"name": "CPU-one-step-finite-subnormal-mild", "pass": true}
{"name": "GPU-one-step-exact-subnormal-mild", "pass": true}
{"name": "CPU-one-step-finite-subnormal-quadratic", "pass": true}
{"name": "GPU-one-step-exact-subnormal-quadratic", "pass": true}
{"name": "CPU-one-step-finite-subnormal-fp4like", "pass": true}
{"name": "GPU-one-step-exact-subnormal-fp4like", "pass": true}
{"name": "CPU-one-step-finite-large_finite-uniform", "pass": true}
{"name": "GPU-one-step-exact-large_finite-uniform", "pass": true}
{"name": "CPU-one-step-finite-large_finite-mild", "pass": true}
{"name": "GPU-one-step-exact-large_finite-mild", "pass": true}
{"name": "CPU-one-step-finite-large_finite-quadratic", "pass": true}
{"name": "GPU-one-step-exact-large_finite-quadratic", "pass": true}
{"name": "CPU-one-step-finite-large_finite-fp4like", "pass": true}
{"name": "GPU-one-step-exact-large_finite-fp4like", "pass": true}
{"name": "CPU-65token-finite-uniform", "pass": true}
{"name": "GPU-65token-packed-oracle-exact-uniform", "pass": true}
{"name": "CPU-65token-finite-mild", "pass": true}
{"name": "GPU-65token-packed-oracle-exact-mild", "pass": true}
{"name": "CPU-65token-finite-quadratic", "pass": true}
{"name": "GPU-65token-packed-oracle-exact-quadratic", "pass": true}
{"name": "CPU-65token-finite-fp4like", "pass": true}
{"name": "GPU-65token-packed-oracle-exact-fp4like", "pass": true}
{"name": "partition-(2, 17, 8, 19, 2)-uniform", "pass": true}
{"name": "actual-packed-bytes-(2, 17, 8, 19, 2)-uniform", "pass": true, "actual_bytes": 15808, "row_bytes": 52}
{"name": "signed-index-range-(2, 17, 8, 19, 2)-uniform", "pass": true}
{"name": "partition-(2, 17, 8, 19, 2)-mild", "pass": true}
{"name": "actual-packed-bytes-(2, 17, 8, 19, 2)-mild", "pass": true, "actual_bytes": 15808, "row_bytes": 52}
{"name": "signed-index-range-(2, 17, 8, 19, 2)-mild", "pass": true}
{"name": "partition-(2, 17, 8, 19, 2)-quadratic", "pass": true}
{"name": "actual-packed-bytes-(2, 17, 8, 19, 2)-quadratic", "pass": true, "actual_bytes": 15808, "row_bytes": 52}
{"name": "signed-index-range-(2, 17, 8, 19, 2)-quadratic", "pass": true}
{"name": "partition-(2, 17, 8, 19, 2)-fp4like", "pass": true}
{"name": "actual-packed-bytes-(2, 17, 8, 19, 2)-fp4like", "pass": true, "actual_bytes": 15808, "row_bytes": 52}
{"name": "signed-index-range-(2, 17, 8, 19, 2)-fp4like", "pass": true}
{"name": "INT8-unchanged-(2, 17, 8, 19, 2)", "pass": true}
{"name": "uniform-delegates-v6-(2, 17, 8, 19, 2)", "pass": true}
{"name": "partition-(1, 9, 6, 3, 3)-uniform", "pass": true}
{"name": "actual-packed-bytes-(1, 9, 6, 3, 3)-uniform", "pass": true, "actual_bytes": 936, "row_bytes": 52}
{"name": "signed-index-range-(1, 9, 6, 3, 3)-uniform", "pass": true}
{"name": "partition-(1, 9, 6, 3, 3)-mild", "pass": true}
{"name": "actual-packed-bytes-(1, 9, 6, 3, 3)-mild", "pass": true, "actual_bytes": 936, "row_bytes": 52}
{"name": "signed-index-range-(1, 9, 6, 3, 3)-mild", "pass": true}
{"name": "partition-(1, 9, 6, 3, 3)-quadratic", "pass": true}
{"name": "actual-packed-bytes-(1, 9, 6, 3, 3)-quadratic", "pass": true, "actual_bytes": 936, "row_bytes": 52}
{"name": "signed-index-range-(1, 9, 6, 3, 3)-quadratic", "pass": true}
{"name": "partition-(1, 9, 6, 3, 3)-fp4like", "pass": true}
{"name": "actual-packed-bytes-(1, 9, 6, 3, 3)-fp4like", "pass": true, "actual_bytes": 936, "row_bytes": 52}
{"name": "signed-index-range-(1, 9, 6, 3, 3)-fp4like", "pass": true}
{"name": "INT8-unchanged-(1, 9, 6, 3, 3)", "pass": true}
{"name": "uniform-delegates-v6-(1, 9, 6, 3, 3)", "pass": true}
{"name": "partition-(2, 5, 4, 1, 1)-uniform", "pass": true}
{"name": "actual-packed-bytes-(2, 5, 4, 1, 1)-uniform", "pass": true, "actual_bytes": 416, "row_bytes": 52}
{"name": "signed-index-range-(2, 5, 4, 1, 1)-uniform", "pass": true}
{"name": "partition-(2, 5, 4, 1, 1)-mild", "pass": true}
{"name": "actual-packed-bytes-(2, 5, 4, 1, 1)-mild", "pass": true, "actual_bytes": 416, "row_bytes": 52}
{"name": "signed-index-range-(2, 5, 4, 1, 1)-mild", "pass": true}
{"name": "partition-(2, 5, 4, 1, 1)-quadratic", "pass": true}
{"name": "actual-packed-bytes-(2, 5, 4, 1, 1)-quadratic", "pass": true, "actual_bytes": 416, "row_bytes": 52}
{"name": "signed-index-range-(2, 5, 4, 1, 1)-quadratic", "pass": true}
{"name": "partition-(2, 5, 4, 1, 1)-fp4like", "pass": true}
{"name": "actual-packed-bytes-(2, 5, 4, 1, 1)-fp4like", "pass": true, "actual_bytes": 416, "row_bytes": 52}
{"name": "signed-index-range-(2, 5, 4, 1, 1)-fp4like", "pass": true}
{"name": "INT8-unchanged-(2, 5, 4, 1, 1)", "pass": true}
{"name": "uniform-delegates-v6-(2, 5, 4, 1, 1)", "pass": true}
{"name": "actual-production-cache", "pass": true, "row_bytes": 52, "ssm_bytes": 23855104, "convolution_bytes": 4587520, "permutation_bytes": 57344, "resident_codebook_bytes": 0, "total_bytes": 28499968}
{"name": "reject-nonfinite-scale-uniform", "pass": true}
{"name": "reject-nonfinite-scale-mild", "pass": true}
{"name": "reject-nonfinite-scale-quadratic", "pass": true}
{"name": "reject-nonfinite-scale-fp4like", "pass": true}
