[state-ppl-v10 arm] v9_baseline
[v9_baseline PPL] 1/130 ppl=5.619072
[v9_baseline PPL] 8/130 ppl=6.275231
[v9_baseline PPL] 16/130 ppl=7.249897
[v9_baseline PPL] 24/130 ppl=7.463082
[v9_baseline PPL] 32/130 ppl=7.309007
[v9_baseline PPL] 40/130 ppl=7.548758
[v9_baseline PPL] 48/130 ppl=7.757934
[v9_baseline PPL] 56/130 ppl=7.894169
[v9_baseline PPL] 64/130 ppl=7.851130
[v9_baseline PPL] 72/130 ppl=8.104757
[v9_baseline PPL] 80/130 ppl=8.239016
[v9_baseline PPL] 88/130 ppl=8.278980
[v9_baseline PPL] 96/130 ppl=8.317879
[v9_baseline PPL] 104/130 ppl=8.205747
[v9_baseline PPL] 112/130 ppl=8.149016
[v9_baseline PPL] 120/130 ppl=8.204585
[v9_baseline PPL] 128/130 ppl=8.285432
[v9_baseline PPL] 130/130 ppl=8.290607
[state-ppl-v10 arm] selected
[selected PPL] 1/130 ppl=5.595618
[selected PPL] 8/130 ppl=6.216907
[selected PPL] 16/130 ppl=7.159176
[selected PPL] 24/130 ppl=7.382116
[selected PPL] 32/130 ppl=7.236402
[selected PPL] 40/130 ppl=7.459099
[selected PPL] 48/130 ppl=7.664935
[selected PPL] 56/130 ppl=7.806594
[selected PPL] 64/130 ppl=7.762126
[selected PPL] 72/130 ppl=8.013154
[selected PPL] 80/130 ppl=8.153963
[selected PPL] 88/130 ppl=8.191001
[selected PPL] 96/130 ppl=8.225896
[selected PPL] 104/130 ppl=8.115359
[selected PPL] 112/130 ppl=8.051354
[selected PPL] 120/130 ppl=8.104813
[selected PPL] 128/130 ppl=8.180368
[selected PPL] 130/130 ppl=8.186187
[state-ppl-v10 arm] restored_baseline
[restored_baseline PPL] 1/130 ppl=5.619072
[restored_baseline PPL] 8/130 ppl=6.275231
[restored_baseline PPL] 16/130 ppl=7.249897
[restored_baseline PPL] 24/130 ppl=7.463082
[restored_baseline PPL] 32/130 ppl=7.309007
[restored_baseline PPL] 40/130 ppl=7.548758
[restored_baseline PPL] 48/130 ppl=7.757934
[restored_baseline PPL] 56/130 ppl=7.894169
[restored_baseline PPL] 64/130 ppl=7.851130
[restored_baseline PPL] 72/130 ppl=8.104757
[restored_baseline PPL] 80/130 ppl=8.239016
[restored_baseline PPL] 88/130 ppl=8.278980
[restored_baseline PPL] 96/130 ppl=8.317879
[restored_baseline PPL] 104/130 ppl=8.205747
[restored_baseline PPL] 112/130 ppl=8.149016
[restored_baseline PPL] 120/130 ppl=8.204585
[restored_baseline PPL] 128/130 ppl=8.285432
[restored_baseline PPL] 130/130 ppl=8.290607
{
  "format": "MAMBA2_STATE_PPL_V10_COMPARISON_V1",
  "complete": true,
  "stage": "full",
  "protocol_sha256": "565707cf401b2ab472b9b78368a7192afeebe73056efd811b7acba610e3d9567",
  "input_binding": {
    "protocol_sha256": "565707cf401b2ab472b9b78368a7192afeebe73056efd811b7acba610e3d9567",
    "v9_input_binding": {
      "protocol_sha256": "9e01c03ee6870a8ecbcd9a0ba9157b1651d2830ea65d2951664ebcb81b4a09b3",
      "calibration_input_binding": {
        "protocol_sha256": "9e01c03ee6870a8ecbcd9a0ba9157b1651d2830ea65d2951664ebcb81b4a09b3",
        "v8_input_binding": {
          "protocol_sha256": "880839c0b0919d0a9a119647d2d9c1657e5b8eb5389c8c2ee22ee1785917aa01",
          "calibration_input_binding": {
            "protocol_sha256": "880839c0b0919d0a9a119647d2d9c1657e5b8eb5389c8c2ee22ee1785917aa01",
            "v6_input_binding": {
              "protocol_sha256": "86d4e8dc85d79c2c867ce15a846c5938893c86d27e67ad174472975e654e9bff",
              "v5_protocol_sha256": "ce700910f27230e062fe62e89dd6bddee05bcbf7bb7972c59fdba24cb3db9f5d",
              "source_sha256": "47c2766f6aad89d73beafbeaecb334aab902d7370906d081764a90bb7a8bbbcb",
              "tokenizer_sha256": "5862e2f71caf762bc9845662be5fec2867deb58d874568235a02a36c5111cd09",
              "train_file_sha256": "e54b02e5162e042a9cdd504f4eb1b1652724fb240bbc2c97608967aa26297233",
              "prose_manifest_sha256": "facb2ca461615a4199781bd21784d642d6674f5b862641b3b9edac3fb499b89d",
              "candidates_sha256": "cd86a755db5004c716922696cf5532b307c57f5fb7dad4bcca298eb58b55f9a7",
              "candidates_receipt_sha256": "9e0a42f52fc8f9bde587cc81e64989db4c9290a4b2e39ec6689771e40c1ddc4d",
              "v5_selected_calibration_sha256": "c525fbf62ef4a72db2d4bb13c13920d9f5d4946485538da0f00a369aab3092e3",
              "v5_selected_receipt_sha256": "482399518e5b41561d93cf1db2509949d27f522b1a720bea1e6e10a3864c77d6",
              "v5_selection_report_sha256": "a7ff703281309d83031d4b3bc3b4c6edf718e8646fa62506ff162dbf1cd62437",
              "codec_checks_sha256": "81a65cd0f56e6ad4a7a87fc464abde6509a4315143c38c52c88a67be61e4a54f",
              "table_sha256": {
                "magnitude": "6d2b53f63d0a56b527840b344be8396da483f3a6affd3d89fbbe0747d9bdd327",
                "full_readout": "a3f33fba0433bce8de413dd22baa8c0d3b40c3934be6eee5bea75b4e306f81b3",
                "preserve_int8": "6dc1c15ca18d07fb87de8f0517baecbf47adec0846575172fa344f86ac10cde5",
                "preserve_retained80": "9789f1a45b0487ec15a104bfc60d33af14a5fce4d4290344eb5264ad0ddef536"
              },
              "v4_statistics_sha256": "8509bb266d40875608f3e0b3be22407fd6ea1b8aacbc79ce04e958726516b0a4",
              "original_calibration_sha256": "c366cd577967e64635f1dd960237dc1c0024d7413685ce0b4c4e40da869a7023"
            },
            "v6_selected_calibration_sha256": "098930d1af5e5821b277640d236f7607c6428b48d36f7117e2ea4aa87e656303",
            "v6_selected_receipt_sha256": "ab2fd4d02a4720957bbb146395dcf26f2c82acd77ebdfa302d6bffa41e88faa2",
            "v6_selection_report_sha256": "5ac624862846b61aacc6a5f3b7648db32d5d74bf8419d8d536bbc751cdd117d6",
            "baseline_policy": "preserve_int8__stored_scale",
            "baseline_table_sha256": "6dc1c15ca18d07fb87de8f0517baecbf47adec0846575172fa344f86ac10cde5",
            "scale_mode": "stored_scale",
            "int4_clip": 1.0,
            "adapter_loaded": false,
            "adapter_sha256": null,
            "heldout_used": false,
            "mk_used": false
          },
          "layer_candidates_sha256": "13f36a937c34720ed9d558b19582aaf58be2383a5bb54d42a06791609e154b5d",
          "layer_candidates_receipt_sha256": "009018bacdf7000b106fe8956d5f821124daf16e092d3d36ddebcd529ca3f7aa",
          "layer_calibration_report_sha256": "e7fa9ce0f245d3843f447be604bc195186645cb956f9d229cf34b1d05a9bdc49",
          "baseline_policy": "preserve_int8__stored_scale",
          "source_sha256": "47c2766f6aad89d73beafbeaecb334aab902d7370906d081764a90bb7a8bbbcb",
          "tokenizer_sha256": "5862e2f71caf762bc9845662be5fec2867deb58d874568235a02a36c5111cd09",
          "train_file_sha256": "e54b02e5162e042a9cdd504f4eb1b1652724fb240bbc2c97608967aa26297233"
        },
        "v8_selected_calibration_sha256": "9b7c04814085abbb67d7a10e0b70d1a6e9b34e97299fc0dc26e4373ea8f8ea39",
        "v8_selected_receipt_sha256": "9f9b6764856274222e227683adf27d155a2b4727faa82b3c0b43b558f7fca596",
        "v8_screen_audit_sha256": "90fbed838e0c97f5543b6687b20d6a3740fc4fa0ebade2920d73d08df40526e2",
        "v8_selection_report_sha256": "ac3604395393d0dccda8e299021ce686653a02babbeaba33bfe58d6d4ba7b16c",
        "v8_calibration_report_sha256": "e7fa9ce0f245d3843f447be604bc195186645cb956f9d229cf34b1d05a9bdc49",
        "parent_table_sha256": "281f7c9fbfdabd6bfa04964ed44b19761708a08447989436b978fae37dc27298",
        "parent_selected_id": "top8",
        "start_condition": {
          "complete": true,
          "comparison_sha256": "4fcafaadf18dbd1b0a5cdbf51b035c16fc66b2cf56a5bfe37dea402293ff493b",
          "audit_sha256": "051316fe074ea1ba9cfeef87ba7fe4bb9c3a4c18e3c7427c9a2ef256d490e9cf",
          "parent_report_sha256": "4f67dce37498fab216858df9851fa8db009ffbb4d5866a652aec0351e3ee2fb8",
          "selected_calibration_sha256": "9b7c04814085abbb67d7a10e0b70d1a6e9b34e97299fc0dc26e4373ea8f8ea39",
          "parent_ppl": 8.28386254265227,
          "parent_selection": "Frozen v8 TRAIN top8, irrespective of validation comparison",
          "criterion": "Independent full audit passed; finite v8 PPL >=8.25; all integrity guards passed"
        },
        "source_sha256": "47c2766f6aad89d73beafbeaecb334aab902d7370906d081764a90bb7a8bbbcb",
        "tokenizer_sha256": "5862e2f71caf762bc9845662be5fec2867deb58d874568235a02a36c5111cd09",
        "train_file_sha256": "e54b02e5162e042a9cdd504f4eb1b1652724fb240bbc2c97608967aa26297233"
      },
      "group_candidates_sha256": "b301efc22d7473f9e5710dda4e0fc641cf105097917d0605307529becf927447",
      "group_candidates_receipt_sha256": "b5ea4c6838894a742aea84aea15d59bcaaa3d65f1286b8b1e25a2d2f8ba122c7",
      "group_calibration_report_sha256": "741cf9fa838cb84dff452fb09b2eebf65b8617b40afb6b2489377505c4ad114f",
      "parent_policy": "Frozen v8 TRAIN top8 with v6 stored_scale",
      "source_sha256": "47c2766f6aad89d73beafbeaecb334aab902d7370906d081764a90bb7a8bbbcb",
      "tokenizer_sha256": "5862e2f71caf762bc9845662be5fec2867deb58d874568235a02a36c5111cd09",
      "train_file_sha256": "e54b02e5162e042a9cdd504f4eb1b1652724fb240bbc2c97608967aa26297233"
    },
    "v9_selected_calibration_sha256": "3467897358f33de22b1b629819cb2035f4cb8912914f0183959aa581fafeab50",
    "v9_selected_receipt_sha256": "4e4bb614ff1ba0dfbbd1ba6f3116474cd959555e8fb22406590190e65e9d9a05",
    "v9_screen_audit_sha256": "4b218de5223ed35cf12be6c341e3dd3d5b75a82656019c8ac12526ce67f60402",
    "v9_selection_report_sha256": "4098ad9446cb08d18c0ce23a8ce199c026a3836ae6fe5c5f3d21eadf2222d757",
    "parent_table_sha256": "b1865e81ff3fbed028027a883872aef9bb91e614e7cf08c72211496a78aeb597",
    "start_condition": {
      "complete": true,
      "comparison_sha256": "939d79990463cfa365d6608d595cf1b456978fbae0c549262a947acb02c626e6",
      "audit_sha256": "dde9b57633c6994380208c606d9c1231e1c74dd39531763de6cef2ca025a3018",
      "parent_report_sha256": "9762493fc5cb9a7ad8889b62dbd4f559bde992b266a97d1c2b74c96a73b72522",
      "selected_calibration_sha256": "3467897358f33de22b1b629819cb2035f4cb8912914f0183959aa581fafeab50",
      "parent_ppl": 8.290607333938492,
      "parent_selection": "Frozen v9 TRAIN top2 irrespective of full comparison",
      "criterion": "Passing independent full audit; finite v9 PPL >=8.25; all integrity guards pass"
    },
    "kernel_checks_sha256": "ca54b1c82032f0a2883ae83a3a21b79fa0b874d28514dac97fa912e1096e67f1",
    "source_sha256": "47c2766f6aad89d73beafbeaecb334aab902d7370906d081764a90bb7a8bbbcb",
    "tokenizer_sha256": "5862e2f71caf762bc9845662be5fec2867deb58d874568235a02a36c5111cd09",
    "train_file_sha256": "e54b02e5162e042a9cdd504f4eb1b1652724fb240bbc2c97608967aa26297233"
  },
  "code_hashes": {
    "docs/RESURFACE_MORE_BACKEND_REPLAY.md": "a677dcf896c37474d422ee54abc8f9bea6052e5c76d5835e9cc2b94f304f2f45",
    "docs/STATE_PPL_V10_PROTOCOL.md": "565707cf401b2ab472b9b78368a7192afeebe73056efd811b7acba610e3d9567",
    "docs/STATE_PPL_V6_PROTOCOL.md": "86d4e8dc85d79c2c867ce15a846c5938893c86d27e67ad174472975e654e9bff",
    "docs/STATE_PPL_V8_PROTOCOL.md": "880839c0b0919d0a9a119647d2d9c1657e5b8eb5389c8c2ee22ee1785917aa01",
    "docs/STATE_PPL_V9_PROTOCOL.md": "9e01c03ee6870a8ecbcd9a0ba9157b1651d2830ea65d2951664ebcb81b4a09b3",
    "mamba2_recall/__init__.py": "79b32606ac476c3248911c55571bf97f96689770067856ce8347837478ef33fd",
    "mamba2_recall/calibration.py": "54e178521abfe2513fb7bac2aed2ef178fc01b63135222ecc212001ee3ce0a04",
    "mamba2_recall/evaluation.py": "95cba0b201e37f92e6cbfadb9b3e9d79ba7b0cdc9efda6a58a6216b0d84d35e0",
    "mamba2_recall/resurface_data.py": "1a547fe3cedca406d6e3db85f65c3ce554558691e3b29b9c92d8fd6bd1c1ba35",
    "mamba2_recall/resurface_loss.py": "ec045368583b6e49f484341b2d718658bb59e8d11050710377742752c1c67294",
    "mamba2_recall/resurface_native.py": "2dd08c7ee8958c832f0ae9da7cf5f261dceeff3e528e493c905c7c52df7166d7",
    "mamba2_recall/runtime.py": "73a405b4286dda403f252cf0b73d367adcfead96298a1e6f440b65f5b309530c",
    "mamba2_recall/state_codec.py": "56bd56d2fcb96382a4c6139824245f7608e903bbf1e3d07c9ea6d61ac8ce371a",
    "mamba2_recall/state_codec_dense3.py": "b2643076540ec67f4b879ba9dc2c512fdbfdf3c3db7c957902002e1bc5df0a05",
    "mamba2_recall/state_quant.py": "d57ccba302c81808456ef8ccd9bc36bcb22ee976b2e4cad5efe43f99e4e17efd",
    "mamba2_recall/state_quant_dense3.py": "946bdb08d1557d364e8b1f4264412dffcd2481227daee4bfdba6a5238729f9fd",
    "mamba2_recall/state_repair_calibration.py": "c1ae810a452a16a2766cd68438303df16cd10c617e68e226429541dd33ebc86d",
    "mamba2_recall/state_training.py": "2d7babbf5d402e3dafaa69681ebd3028452a688b31cb1b6c4fc18d1d73dbb894",
    "mamba2_recall/state_training_scan.py": "cc33e0b88e2b5d6649fdfc85570ba484363eea34b14b536de669fd4c7d0b54ba",
    "scripts/audit_state_ppl_v10.py": "4f9e7bff5f237d86f3348f8bf05f173596b0d28fd1b41c3914eb33aaeb1f34f5",
    "scripts/audit_state_ppl_v9.py": "fbb30790aa47431713806fdf8673a4d30db29cddd427cdc4374919458f1b2cb3",
    "scripts/check_state_ppl_codec_v10.py": "df7a0cbbe108a5e696fe91f08f39447770e402e171b2011a1d66c21962d5f11b",
    "scripts/check_state_ppl_codec_v6.py": "d5feee53129c54548f8ba3c9a579633c41b153ebab57a5e0550d5dda0316d7b1",
    "scripts/evaluate_quant_first.py": "4f74c373537785bb877b0d03cbc531a8f1a8480666a74d9bb93966cc226aa7a4",
    "scripts/evaluate_resurface_more.py": "dd5af73e0c201c931a27e3563977ae1fb1f093eb43440ff2b130ce2db985a732",
    "scripts/prepare_quant_first.py": "47885b474702a414a5ca9cc7b6a9dea1ee55a988469b80bb04a14812eee4eae5",
    "scripts/prepare_state_first_v5.py": "848eb4b3dfde96de02affc391d715a3ae74ed37ac4831d0a2760ecd33893c474",
    "scripts/prepare_state_ppl_v8.py": "bff9f33053c531763019d323a93d7050fceba31efd9d45f81f2f066570371149",
    "scripts/prepare_state_ppl_v9.py": "6fc804b75d6fcbc95c837afe86b521386862ddff7f4a146972158fe049ca1362",
    "scripts/run_state_ppl_v10.py": "090201215840991e684739871d59fe88c5f1ebf370e6f2db074498b6103fdc37",
    "scripts/run_state_ppl_v6.py": "c5fe407ab9d0c94ef4acd83abbb9a57028c1d5e284a21ae56adb5231def29baf",
    "scripts/run_state_ppl_v8.py": "6f76a28830f927d7d982f0ab1fe5bc80182dbf2f2f7e0bd795e3fd605eb63641",
    "scripts/run_state_ppl_v9.py": "696a9cbe850043829f3dd0fddf4b24d13374df6585116f09071530e1de6cf6d6",
    "scripts/run_statequant.py": "0f56215a494395c6e1ab68c38fd80aee4faf70b8d1b3bfd714d09fd5d7ff6d8d",
    "scripts/state_ppl_codec_v10.py": "53cbba84e608cc20e4ca7fc39afca23e0b2c09fdd6002c4cb17affa629638da6",
    "scripts/state_ppl_codec_v6.py": "76d76577559c8bb8d86907934f2d65282da27e1d1e8e378392eba5809ae34c54"
  },
  "backend_policy": {
    "format": "MAMBA2_ARCHIVED_RMSNORM_REPLAY_POLICY_V1",
    "kernel": "mamba_ssm.ops.triton.layer_norm._layer_norm_fwd_1pass_kernel",
    "original_configs": [
      {
        "kwargs": {},
        "num_warps": 1,
        "num_stages": 3,
        "num_ctas": 1,
        "maxnreg": null,
        "pre_hook_is_none": true
      },
      {
        "kwargs": {},
        "num_warps": 2,
        "num_stages": 3,
        "num_ctas": 1,
        "maxnreg": null,
        "pre_hook_is_none": true
      },
      {
        "kwargs": {},
        "num_warps": 4,
        "num_stages": 3,
        "num_ctas": 1,
        "maxnreg": null,
        "pre_hook_is_none": true
      },
      {
        "kwargs": {},
        "num_warps": 8,
        "num_stages": 3,
        "num_ctas": 1,
        "maxnreg": null,
        "pre_hook_is_none": true
      },
      {
        "kwargs": {},
        "num_warps": 16,
        "num_stages": 3,
        "num_ctas": 1,
        "maxnreg": null,
        "pre_hook_is_none": true
      },
      {
        "kwargs": {},
        "num_warps": 32,
        "num_stages": 3,
        "num_ctas": 1,
        "maxnreg": null,
        "pre_hook_is_none": true
      }
    ],
    "selected_config": {
      "kwargs": {},
      "num_warps": 16,
      "num_stages": 3,
      "num_ctas": 1,
      "maxnreg": null,
      "pre_hook_is_none": true
    },
    "singleton_config_bypasses_autotuning": true,
    "applied_before_first_model_load": true,
    "candidate_used_for_selection": false,
    "selection_basis": "Only warp16 exactly matches both archived S16 and parent first-window NLL; full archived parent replay remains mandatory",
    "external_source_sha256": {
      "mamba_ssm.ops.triton.layer_norm": "0cecae69ed780c07454fe067f9738608a53ebb17ae6046988d13bbbd84ca128b",
      "mamba_ssm.utils.determinism": "cb6e1c30392c11200425c2a23ad9fa3d47f50b556d15e9b0caf79b7d483d6f1d",
      "triton.runtime.autotuner": "40f5e142806219942585a16742e9f3721d5bfef88145b571cf389f9aec6460bb"
    },
    "package_versions": {
      "torch": "2.11.0+cu128",
      "mamba-ssm": "2.3.2.post1",
      "triton": "3.6.0"
    },
    "cudnn_version": 91900,
    "precision_flags": {
      "tf32_matmul": false,
      "tf32_cudnn": false,
      "fp16_reduced_precision_reduction": true,
      "bf16_reduced_precision_reduction": true,
      "cudnn_benchmark": false,
      "cudnn_deterministic": false,
      "deterministic_algorithms": false,
      "float32_matmul_precision": "highest"
    },
    "determinism_environment": {
      "MAMBA_DETERMINISTIC": null,
      "TRITON_CACHE_AUTOTUNING": null,
      "TRITON_AUTOTUNE_BLOCK_SIZE_M": null,
      "TRITON_AUTOTUNE_BLOCK_SIZE_N": null,
      "TRITON_AUTOTUNE_BLOCK_SIZE_K": null,
      "TRITON_AUTOTUNE_BLOCK_SIZE_DSTATE": null
    },
    "clarification_sha256": "a677dcf896c37474d422ee54abc8f9bea6052e5c76d5835e9cc2b94f304f2f45"
  },
  "restoration": {
    "complete": true,
    "per_window_nll_exact": true,
    "ppl_windows_repeated": 130,
    "target_tokens": 264764,
    "reset_hidden_exact": true,
    "reset_persistent_tensor_hashes_exact": true,
    "cache_allocation_exact": true
  },
  "adapter_loaded": false,
  "adapter_sha256": null,
  "mk_used": false,
  "heldout_used": true,
  "heldout_used_for_selection": false,
  "report_sha256": {
    "v9_baseline": "78b40100cc439b80dedefec884e62151f1773ad0539c0a82372429eb0b37c352",
    "selected": "598b7d3f8088d58513c4ab99aaf911543b0c355e02d9e79cb59a734c55a3f610",
    "restored_baseline": "2f0e75e6443c845db4b922d95abe8453c2f55c610cac28b2fa68fd075636da49"
  },
  "elapsed_seconds": 143.82913517951965,
  "selected_id": "32_32_64",
  "selected_variant": "stored_scale",
  "selected_layout": "32_32_64",
  "selected_candidate_spec": {
    "layout": "32_32_64",
    "n8": 32,
    "n4": 32,
    "nzero": 64,
    "row_bytes": 52,
    "payload_bytes": 48,
    "scale_bytes": 4,
    "resident_layout_metadata_bytes": 0,
    "tensor_widths": {
      "lo": 16,
      "hi": 16,
      "q4": 16
    }
  },
  "selected_calibration_sha256": "a77bbd86ae609d8ef7cf90f10d0904cf95b4df8e059c9ea6cb2fd12886436fb8",
  "selection_report_sha256": "52b0de42ced43fce56e9ad066b16fa95fd85e9c9fd7e508bf7753b7383195a0a",
  "parent_report_sha256": "9762493fc5cb9a7ad8889b62dbd4f559bde992b266a97d1c2b74c96a73b72522",
  "parent_comparison_sha256": "939d79990463cfa365d6608d595cf1b456978fbae0c549262a947acb02c626e6",
  "s16_report_sha256": "52f82f83258a2fa3160ea14585f1bd69e1d68d60d8f179d1f0987c636f6546ba",
  "parent_replay": {
    "complete": true,
    "per_window_nll_exact": true,
    "ppl_windows_repeated": 130,
    "target_tokens": 264764,
    "reset_hidden_exact": true,
    "reset_cache_exact": true,
    "cache_bytes_exact": true
  },
  "comparison": {
    "control_arm": "v9_baseline",
    "candidate_arm": "selected",
    "control_ppl": 8.290607333938492,
    "candidate_ppl": 8.186186562837207,
    "ppl_relative_change": -0.012595068961211986,
    "nll_delta": -3355.8993759155273,
    "improved_windows": 107,
    "regressed_windows": 23,
    "unchanged_windows": 0
  },
  "original_s16_comparison": {
    "control_arm": "source_s16",
    "candidate_arm": "selected",
    "control_ppl": 7.334322057221965,
    "candidate_ppl": 8.186186562837207,
    "ppl_relative_change": 0.11614768194920311,
    "nll_delta": 29093.112043380737,
    "improved_windows": 0,
    "regressed_windows": 130,
    "unchanged_windows": 0
  },
  "target_checks": {
    "ppl_strictly_below_8p25": true,
    "cache_same_budget": true,
    "all_integrity_checks_passed": true
  },
  "target_pass": true,
  "resurface_trained": false,
  "mk_evaluated": false
}
