[state-ppl-v6 arm] v5_baseline
[v5_baseline PPL] 1/130 ppl=5.575460
[v5_baseline PPL] 8/130 ppl=6.301847
[v5_baseline PPL] 16/130 ppl=7.292238
[v5_baseline PPL] 24/130 ppl=7.521170
[v5_baseline PPL] 32/130 ppl=7.357972
[v5_baseline PPL] 40/130 ppl=7.600394
[v5_baseline PPL] 48/130 ppl=7.823523
[v5_baseline PPL] 56/130 ppl=7.962469
[v5_baseline PPL] 64/130 ppl=7.912783
[v5_baseline PPL] 72/130 ppl=8.162749
[v5_baseline PPL] 80/130 ppl=8.312495
[v5_baseline PPL] 88/130 ppl=8.356544
[v5_baseline PPL] 96/130 ppl=8.391202
[v5_baseline PPL] 104/130 ppl=8.277335
[v5_baseline PPL] 112/130 ppl=8.223978
[v5_baseline PPL] 120/130 ppl=8.280340
[v5_baseline PPL] 128/130 ppl=8.363374
[v5_baseline PPL] 130/130 ppl=8.367465
[state-ppl-v6 arm] selected
[selected PPL] 1/130 ppl=5.616907
[selected PPL] 8/130 ppl=6.325783
[selected PPL] 16/130 ppl=7.286211
[selected PPL] 24/130 ppl=7.512506
[selected PPL] 32/130 ppl=7.354987
[selected PPL] 40/130 ppl=7.607586
[selected PPL] 48/130 ppl=7.818512
[selected PPL] 56/130 ppl=7.956927
[selected PPL] 64/130 ppl=7.905634
[selected PPL] 72/130 ppl=8.154586
[selected PPL] 80/130 ppl=8.294875
[selected PPL] 88/130 ppl=8.337769
[selected PPL] 96/130 ppl=8.377682
[selected PPL] 104/130 ppl=8.265037
[selected PPL] 112/130 ppl=8.208206
[selected PPL] 120/130 ppl=8.266306
[selected PPL] 128/130 ppl=8.350917
[selected PPL] 130/130 ppl=8.355269
[state-ppl-v6 arm] restored_baseline
[restored_baseline PPL] 1/130 ppl=5.575460
[restored_baseline PPL] 8/130 ppl=6.301847
[restored_baseline PPL] 16/130 ppl=7.292238
[restored_baseline PPL] 24/130 ppl=7.521170
[restored_baseline PPL] 32/130 ppl=7.357972
[restored_baseline PPL] 40/130 ppl=7.600394
[restored_baseline PPL] 48/130 ppl=7.823523
[restored_baseline PPL] 56/130 ppl=7.962469
[restored_baseline PPL] 64/130 ppl=7.912783
[restored_baseline PPL] 72/130 ppl=8.162749
[restored_baseline PPL] 80/130 ppl=8.312495
[restored_baseline PPL] 88/130 ppl=8.356544
[restored_baseline PPL] 96/130 ppl=8.391202
[restored_baseline PPL] 104/130 ppl=8.277335
[restored_baseline PPL] 112/130 ppl=8.223978
[restored_baseline PPL] 120/130 ppl=8.280340
[restored_baseline PPL] 128/130 ppl=8.363374
[restored_baseline PPL] 130/130 ppl=8.367465
{
  "format": "MAMBA2_STATE_PPL_COMPARISON_V1",
  "complete": true,
  "stage": "full",
  "protocol_sha256": "86d4e8dc85d79c2c867ce15a846c5938893c86d27e67ad174472975e654e9bff",
  "input_binding": {
    "protocol_sha256": "86d4e8dc85d79c2c867ce15a846c5938893c86d27e67ad174472975e654e9bff",
    "v5_protocol_sha256": "ce700910f27230e062fe62e89dd6bddee05bcbf7bb7972c59fdba24cb3db9f5d",
    "source_sha256": "47c2766f6aad89d73beafbeaecb334aab902d7370906d081764a90bb7a8bbbcb",
    "tokenizer_sha256": "5862e2f71caf762bc9845662be5fec2867deb58d874568235a02a36c5111cd09",
    "train_file_sha256": "e54b02e5162e042a9cdd504f4eb1b1652724fb240bbc2c97608967aa26297233",
    "prose_manifest_sha256": "facb2ca461615a4199781bd21784d642d6674f5b862641b3b9edac3fb499b89d",
    "candidates_sha256": "cd86a755db5004c716922696cf5532b307c57f5fb7dad4bcca298eb58b55f9a7",
    "candidates_receipt_sha256": "9e0a42f52fc8f9bde587cc81e64989db4c9290a4b2e39ec6689771e40c1ddc4d",
    "v5_selected_calibration_sha256": "c525fbf62ef4a72db2d4bb13c13920d9f5d4946485538da0f00a369aab3092e3",
    "v5_selected_receipt_sha256": "482399518e5b41561d93cf1db2509949d27f522b1a720bea1e6e10a3864c77d6",
    "v5_selection_report_sha256": "a7ff703281309d83031d4b3bc3b4c6edf718e8646fa62506ff162dbf1cd62437",
    "codec_checks_sha256": "81a65cd0f56e6ad4a7a87fc464abde6509a4315143c38c52c88a67be61e4a54f",
    "table_sha256": {
      "magnitude": "6d2b53f63d0a56b527840b344be8396da483f3a6affd3d89fbbe0747d9bdd327",
      "full_readout": "a3f33fba0433bce8de413dd22baa8c0d3b40c3934be6eee5bea75b4e306f81b3",
      "preserve_int8": "6dc1c15ca18d07fb87de8f0517baecbf47adec0846575172fa344f86ac10cde5",
      "preserve_retained80": "9789f1a45b0487ec15a104bfc60d33af14a5fce4d4290344eb5264ad0ddef536"
    },
    "v4_statistics_sha256": "8509bb266d40875608f3e0b3be22407fd6ea1b8aacbc79ce04e958726516b0a4",
    "original_calibration_sha256": "c366cd577967e64635f1dd960237dc1c0024d7413685ce0b4c4e40da869a7023"
  },
  "code_hashes": {
    "docs/RESURFACE_MORE_BACKEND_REPLAY.md": "a677dcf896c37474d422ee54abc8f9bea6052e5c76d5835e9cc2b94f304f2f45",
    "docs/STATE_PPL_V6_PROTOCOL.md": "86d4e8dc85d79c2c867ce15a846c5938893c86d27e67ad174472975e654e9bff",
    "mamba2_recall/__init__.py": "79b32606ac476c3248911c55571bf97f96689770067856ce8347837478ef33fd",
    "mamba2_recall/calibration.py": "54e178521abfe2513fb7bac2aed2ef178fc01b63135222ecc212001ee3ce0a04",
    "mamba2_recall/evaluation.py": "95cba0b201e37f92e6cbfadb9b3e9d79ba7b0cdc9efda6a58a6216b0d84d35e0",
    "mamba2_recall/resurface_data.py": "1a547fe3cedca406d6e3db85f65c3ce554558691e3b29b9c92d8fd6bd1c1ba35",
    "mamba2_recall/resurface_loss.py": "ec045368583b6e49f484341b2d718658bb59e8d11050710377742752c1c67294",
    "mamba2_recall/resurface_native.py": "2dd08c7ee8958c832f0ae9da7cf5f261dceeff3e528e493c905c7c52df7166d7",
    "mamba2_recall/runtime.py": "73a405b4286dda403f252cf0b73d367adcfead96298a1e6f440b65f5b309530c",
    "mamba2_recall/state_codec.py": "56bd56d2fcb96382a4c6139824245f7608e903bbf1e3d07c9ea6d61ac8ce371a",
    "mamba2_recall/state_codec_dense3.py": "b2643076540ec67f4b879ba9dc2c512fdbfdf3c3db7c957902002e1bc5df0a05",
    "mamba2_recall/state_quant.py": "d57ccba302c81808456ef8ccd9bc36bcb22ee976b2e4cad5efe43f99e4e17efd",
    "mamba2_recall/state_quant_dense3.py": "946bdb08d1557d364e8b1f4264412dffcd2481227daee4bfdba6a5238729f9fd",
    "mamba2_recall/state_repair_calibration.py": "c1ae810a452a16a2766cd68438303df16cd10c617e68e226429541dd33ebc86d",
    "mamba2_recall/state_training.py": "2d7babbf5d402e3dafaa69681ebd3028452a688b31cb1b6c4fc18d1d73dbb894",
    "mamba2_recall/state_training_scan.py": "cc33e0b88e2b5d6649fdfc85570ba484363eea34b14b536de669fd4c7d0b54ba",
    "scripts/check_state_ppl_codec_v6.py": "d5feee53129c54548f8ba3c9a579633c41b153ebab57a5e0550d5dda0316d7b1",
    "scripts/evaluate_quant_first.py": "4f74c373537785bb877b0d03cbc531a8f1a8480666a74d9bb93966cc226aa7a4",
    "scripts/evaluate_resurface_more.py": "dd5af73e0c201c931a27e3563977ae1fb1f093eb43440ff2b130ce2db985a732",
    "scripts/prepare_quant_first.py": "47885b474702a414a5ca9cc7b6a9dea1ee55a988469b80bb04a14812eee4eae5",
    "scripts/prepare_state_first_v5.py": "848eb4b3dfde96de02affc391d715a3ae74ed37ac4831d0a2760ecd33893c474",
    "scripts/run_state_ppl_v6.py": "c5fe407ab9d0c94ef4acd83abbb9a57028c1d5e284a21ae56adb5231def29baf",
    "scripts/run_statequant.py": "0f56215a494395c6e1ab68c38fd80aee4faf70b8d1b3bfd714d09fd5d7ff6d8d",
    "scripts/state_ppl_codec_v6.py": "76d76577559c8bb8d86907934f2d65282da27e1d1e8e378392eba5809ae34c54"
  },
  "backend_policy": {
    "format": "MAMBA2_ARCHIVED_RMSNORM_REPLAY_POLICY_V1",
    "kernel": "mamba_ssm.ops.triton.layer_norm._layer_norm_fwd_1pass_kernel",
    "original_configs": [
      {
        "kwargs": {},
        "num_warps": 1,
        "num_stages": 3,
        "num_ctas": 1,
        "maxnreg": null,
        "pre_hook_is_none": true
      },
      {
        "kwargs": {},
        "num_warps": 2,
        "num_stages": 3,
        "num_ctas": 1,
        "maxnreg": null,
        "pre_hook_is_none": true
      },
      {
        "kwargs": {},
        "num_warps": 4,
        "num_stages": 3,
        "num_ctas": 1,
        "maxnreg": null,
        "pre_hook_is_none": true
      },
      {
        "kwargs": {},
        "num_warps": 8,
        "num_stages": 3,
        "num_ctas": 1,
        "maxnreg": null,
        "pre_hook_is_none": true
      },
      {
        "kwargs": {},
        "num_warps": 16,
        "num_stages": 3,
        "num_ctas": 1,
        "maxnreg": null,
        "pre_hook_is_none": true
      },
      {
        "kwargs": {},
        "num_warps": 32,
        "num_stages": 3,
        "num_ctas": 1,
        "maxnreg": null,
        "pre_hook_is_none": true
      }
    ],
    "selected_config": {
      "kwargs": {},
      "num_warps": 16,
      "num_stages": 3,
      "num_ctas": 1,
      "maxnreg": null,
      "pre_hook_is_none": true
    },
    "singleton_config_bypasses_autotuning": true,
    "applied_before_first_model_load": true,
    "candidate_used_for_selection": false,
    "selection_basis": "Only warp16 exactly matches both archived S16 and parent first-window NLL; full archived parent replay remains mandatory",
    "external_source_sha256": {
      "mamba_ssm.ops.triton.layer_norm": "0cecae69ed780c07454fe067f9738608a53ebb17ae6046988d13bbbd84ca128b",
      "mamba_ssm.utils.determinism": "cb6e1c30392c11200425c2a23ad9fa3d47f50b556d15e9b0caf79b7d483d6f1d",
      "triton.runtime.autotuner": "40f5e142806219942585a16742e9f3721d5bfef88145b571cf389f9aec6460bb"
    },
    "package_versions": {
      "torch": "2.11.0+cu128",
      "mamba-ssm": "2.3.2.post1",
      "triton": "3.6.0"
    },
    "cudnn_version": 91900,
    "precision_flags": {
      "tf32_matmul": false,
      "tf32_cudnn": false,
      "fp16_reduced_precision_reduction": true,
      "bf16_reduced_precision_reduction": true,
      "cudnn_benchmark": false,
      "cudnn_deterministic": false,
      "deterministic_algorithms": false,
      "float32_matmul_precision": "highest"
    },
    "determinism_environment": {
      "MAMBA_DETERMINISTIC": null,
      "TRITON_CACHE_AUTOTUNING": null,
      "TRITON_AUTOTUNE_BLOCK_SIZE_M": null,
      "TRITON_AUTOTUNE_BLOCK_SIZE_N": null,
      "TRITON_AUTOTUNE_BLOCK_SIZE_K": null,
      "TRITON_AUTOTUNE_BLOCK_SIZE_DSTATE": null
    },
    "clarification_sha256": "a677dcf896c37474d422ee54abc8f9bea6052e5c76d5835e9cc2b94f304f2f45"
  },
  "restoration": {
    "complete": true,
    "per_window_nll_exact": true,
    "ppl_windows_repeated": 130,
    "target_tokens": 264764,
    "reset_hidden_exact": true,
    "reset_persistent_tensor_hashes_exact": true,
    "cache_allocation_exact": true
  },
  "adapter_loaded": false,
  "adapter_sha256": null,
  "mk_used": false,
  "heldout_used": true,
  "heldout_used_for_selection": false,
  "report_sha256": {
    "v5_baseline": "7554d2a0e7eb66d3013cc5db6bd8ff9a4ed08f7159d4983d3227efa57fd1139d",
    "selected": "c3525d74ba0ee35e0b9d83a029e645123d14e90f5ca32b164931d24ec8359253",
    "restored_baseline": "027f9a7009fa2a20b5913139e4c6827d72fa2091ddf26f5377633f8e7086f6a4"
  },
  "elapsed_seconds": 128.7498996257782,
  "selected_id": "preserve_int8__stored_scale",
  "selected_kind": "preserve_int8",
  "selected_variant": "stored_scale",
  "selection": {
    "selected_id": "preserve_int8__stored_scale",
    "selected_kind": "preserve_int8",
    "selected_variant": "stored_scale",
    "valid": [
      "magnitude__legacy",
      "magnitude__stored_scale",
      "magnitude__clip4_095",
      "magnitude__clip4_090",
      "magnitude__clip4_080",
      "full_readout__legacy",
      "full_readout__stored_scale",
      "full_readout__clip4_095",
      "full_readout__clip4_090",
      "full_readout__clip4_080",
      "preserve_int8__legacy",
      "preserve_int8__stored_scale",
      "preserve_int8__clip4_095",
      "preserve_int8__clip4_090",
      "preserve_int8__clip4_080",
      "preserve_retained80__legacy",
      "preserve_retained80__stored_scale",
      "preserve_retained80__clip4_095",
      "preserve_retained80__clip4_090",
      "preserve_retained80__clip4_080"
    ],
    "excluded": [],
    "stopped": false,
    "adapter_used": false,
    "heldout_used": false,
    "mk_used": false,
    "baseline_id": "preserve_int8__legacy",
    "rule": "Fixed20 candidates; complete finite exact-budget; lowest TRAIN PPL, baseline priority, fixed table/variant order; diagnostics excluded"
  },
  "selected_calibration_sha256": "098930d1af5e5821b277640d236f7607c6428b48d36f7117e2ea4aa87e656303",
  "selection_report_sha256": "5ac624862846b61aacc6a5f3b7648db32d5d74bf8419d8d536bbc751cdd117d6",
  "parent_report_sha256": "0f5412aac14801c7f5691df00308ea0c8ff1734f9d06bced276f38f871b58f69",
  "parent_comparison_sha256": "0e5ceb6e91d72a159f46a9a0760a23f3b9301be18bb32590fe01a9196f83d1e9",
  "s16_report_sha256": "52f82f83258a2fa3160ea14585f1bd69e1d68d60d8f179d1f0987c636f6546ba",
  "parent_replay": {
    "complete": true,
    "per_window_nll_exact": true,
    "ppl_windows_repeated": 130,
    "target_tokens": 264764,
    "reset_hidden_exact": true,
    "reset_persistent_tensor_hashes_exact": true,
    "cache_bytes_exact": true,
    "mk_evaluated": false
  },
  "comparison": {
    "control_arm": "v5_baseline",
    "candidate_arm": "selected",
    "control_ppl": 8.367464892540164,
    "candidate_ppl": 8.355268708845868,
    "ppl_relative_change": -0.001457572138147789,
    "nll_delta": -386.1941509246826,
    "improved_windows": 69,
    "regressed_windows": 61,
    "unchanged_windows": 0
  },
  "gate_checks": {
    "ppl_at_least_1pct_better": false,
    "cache_same_budget": true
  },
  "original_s16_comparison": {
    "control_arm": "source_s16",
    "candidate_arm": "selected",
    "control_ppl": 7.334322057221965,
    "candidate_ppl": 8.355268708845868,
    "ppl_relative_change": 0.1392012300057912,
    "nll_delta": 34505.9882144928,
    "improved_windows": 0,
    "regressed_windows": 130,
    "unchanged_windows": 0
  },
  "gate_pass": false,
  "resurface_trained": false,
  "claim_scope": "PPL and persistent-cache confirmation only; recall was not evaluated"
}
