Using the latest cached version of the dataset since Salesforce/wikitext couldn't be found on the Hugging Face Hub (offline mode is enabled).
Found the latest cached dataset configuration 'wikitext-2-raw-v1' at /home/horde/.cache/huggingface/datasets/Salesforce___wikitext/wikitext-2-raw-v1/0.0.0/b08601e04326c79dfdd32d625aee71d232d685c3 (last modified on Fri Sep 25 21:27:12 2026).
[v10_no_adapter PPL] 1/130 ppl=5.595618
[v10_no_adapter PPL] 8/130 ppl=6.216907
[v10_no_adapter PPL] 16/130 ppl=7.159176
[v10_no_adapter PPL] 24/130 ppl=7.382116
[v10_no_adapter PPL] 32/130 ppl=7.236402
[v10_no_adapter PPL] 40/130 ppl=7.459099
[v10_no_adapter PPL] 48/130 ppl=7.664935
[v10_no_adapter PPL] 56/130 ppl=7.806594
[v10_no_adapter PPL] 64/130 ppl=7.762126
[v10_no_adapter PPL] 72/130 ppl=8.013154
[v10_no_adapter PPL] 80/130 ppl=8.153963
[v10_no_adapter PPL] 88/130 ppl=8.191001
[v10_no_adapter PPL] 96/130 ppl=8.225896
[v10_no_adapter PPL] 104/130 ppl=8.115359
[v10_no_adapter PPL] 112/130 ppl=8.051354
[v10_no_adapter PPL] 120/130 ppl=8.104813
[v10_no_adapter PPL] 128/130 ppl=8.180368
[v10_no_adapter PPL] 130/130 ppl=8.186187
[v10_no_adapter MK] 1/768
[v10_no_adapter MK] 8/768
[v10_no_adapter MK] 16/768
[v10_no_adapter MK] 24/768
[v10_no_adapter MK] 32/768
[v10_no_adapter MK] 40/768
[v10_no_adapter MK] 48/768
[v10_no_adapter MK] 56/768
[v10_no_adapter MK] 64/768
[v10_no_adapter MK] 72/768
[v10_no_adapter MK] 80/768
[v10_no_adapter MK] 88/768
[v10_no_adapter MK] 96/768
[v10_no_adapter MK] 104/768
[v10_no_adapter MK] 112/768
[v10_no_adapter MK] 120/768
[v10_no_adapter MK] 128/768
[v10_no_adapter MK] 136/768
[v10_no_adapter MK] 144/768
[v10_no_adapter MK] 152/768
[v10_no_adapter MK] 160/768
[v10_no_adapter MK] 168/768
[v10_no_adapter MK] 176/768
[v10_no_adapter MK] 184/768
[v10_no_adapter MK] 192/768
[v10_no_adapter MK] 200/768
[v10_no_adapter MK] 208/768
[v10_no_adapter MK] 216/768
[v10_no_adapter MK] 224/768
[v10_no_adapter MK] 232/768
[v10_no_adapter MK] 240/768
[v10_no_adapter MK] 248/768
[v10_no_adapter MK] 256/768
[v10_no_adapter MK] 264/768
[v10_no_adapter MK] 272/768
[v10_no_adapter MK] 280/768
[v10_no_adapter MK] 288/768
[v10_no_adapter MK] 296/768
[v10_no_adapter MK] 304/768
[v10_no_adapter MK] 312/768
[v10_no_adapter MK] 320/768
[v10_no_adapter MK] 328/768
[v10_no_adapter MK] 336/768
[v10_no_adapter MK] 344/768
[v10_no_adapter MK] 352/768
[v10_no_adapter MK] 360/768
[v10_no_adapter MK] 368/768
[v10_no_adapter MK] 376/768
[v10_no_adapter MK] 384/768
[v10_no_adapter MK] 392/768
[v10_no_adapter MK] 400/768
[v10_no_adapter MK] 408/768
[v10_no_adapter MK] 416/768
[v10_no_adapter MK] 424/768
[v10_no_adapter MK] 432/768
[v10_no_adapter MK] 440/768
[v10_no_adapter MK] 448/768
[v10_no_adapter MK] 456/768
[v10_no_adapter MK] 464/768
[v10_no_adapter MK] 472/768
[v10_no_adapter MK] 480/768
[v10_no_adapter MK] 488/768
[v10_no_adapter MK] 496/768
[v10_no_adapter MK] 504/768
[v10_no_adapter MK] 512/768
[v10_no_adapter MK] 520/768
[v10_no_adapter MK] 528/768
[v10_no_adapter MK] 536/768
[v10_no_adapter MK] 544/768
[v10_no_adapter MK] 552/768
[v10_no_adapter MK] 560/768
[v10_no_adapter MK] 568/768
[v10_no_adapter MK] 576/768
[v10_no_adapter MK] 584/768
[v10_no_adapter MK] 592/768
[v10_no_adapter MK] 600/768
[v10_no_adapter MK] 608/768
[v10_no_adapter MK] 616/768
[v10_no_adapter MK] 624/768
[v10_no_adapter MK] 632/768
[v10_no_adapter MK] 640/768
[v10_no_adapter MK] 648/768
[v10_no_adapter MK] 656/768
[v10_no_adapter MK] 664/768
[v10_no_adapter MK] 672/768
[v10_no_adapter MK] 680/768
[v10_no_adapter MK] 688/768
[v10_no_adapter MK] 696/768
[v10_no_adapter MK] 704/768
[v10_no_adapter MK] 712/768
[v10_no_adapter MK] 720/768
[v10_no_adapter MK] 728/768
[v10_no_adapter MK] 736/768
[v10_no_adapter MK] 744/768
[v10_no_adapter MK] 752/768
[v10_no_adapter MK] 760/768
[v10_no_adapter MK] 768/768
[v10_resurface PPL] 1/130 ppl=5.311037
[v10_resurface PPL] 8/130 ppl=5.987100
[v10_resurface PPL] 16/130 ppl=6.884855
[v10_resurface PPL] 24/130 ppl=7.074223
[v10_resurface PPL] 32/130 ppl=6.915296
[v10_resurface PPL] 40/130 ppl=7.133264
[v10_resurface PPL] 48/130 ppl=7.335743
[v10_resurface PPL] 56/130 ppl=7.477918
[v10_resurface PPL] 64/130 ppl=7.437230
[v10_resurface PPL] 72/130 ppl=7.683282
[v10_resurface PPL] 80/130 ppl=7.813410
[v10_resurface PPL] 88/130 ppl=7.850288
[v10_resurface PPL] 96/130 ppl=7.887736
[v10_resurface PPL] 104/130 ppl=7.784693
[v10_resurface PPL] 112/130 ppl=7.724001
[v10_resurface PPL] 120/130 ppl=7.776245
[v10_resurface PPL] 128/130 ppl=7.850095
[v10_resurface PPL] 130/130 ppl=7.855570
[v10_resurface MK] 1/768
[v10_resurface MK] 8/768
[v10_resurface MK] 16/768
[v10_resurface MK] 24/768
[v10_resurface MK] 32/768
[v10_resurface MK] 40/768
[v10_resurface MK] 48/768
[v10_resurface MK] 56/768
[v10_resurface MK] 64/768
[v10_resurface MK] 72/768
[v10_resurface MK] 80/768
[v10_resurface MK] 88/768
[v10_resurface MK] 96/768
[v10_resurface MK] 104/768
[v10_resurface MK] 112/768
[v10_resurface MK] 120/768
[v10_resurface MK] 128/768
[v10_resurface MK] 136/768
[v10_resurface MK] 144/768
[v10_resurface MK] 152/768
[v10_resurface MK] 160/768
[v10_resurface MK] 168/768
[v10_resurface MK] 176/768
[v10_resurface MK] 184/768
[v10_resurface MK] 192/768
[v10_resurface MK] 200/768
[v10_resurface MK] 208/768
[v10_resurface MK] 216/768
[v10_resurface MK] 224/768
[v10_resurface MK] 232/768
[v10_resurface MK] 240/768
[v10_resurface MK] 248/768
[v10_resurface MK] 256/768
[v10_resurface MK] 264/768
[v10_resurface MK] 272/768
[v10_resurface MK] 280/768
[v10_resurface MK] 288/768
[v10_resurface MK] 296/768
[v10_resurface MK] 304/768
[v10_resurface MK] 312/768
[v10_resurface MK] 320/768
[v10_resurface MK] 328/768
[v10_resurface MK] 336/768
[v10_resurface MK] 344/768
[v10_resurface MK] 352/768
[v10_resurface MK] 360/768
[v10_resurface MK] 368/768
[v10_resurface MK] 376/768
[v10_resurface MK] 384/768
[v10_resurface MK] 392/768
[v10_resurface MK] 400/768
[v10_resurface MK] 408/768
[v10_resurface MK] 416/768
[v10_resurface MK] 424/768
[v10_resurface MK] 432/768
[v10_resurface MK] 440/768
[v10_resurface MK] 448/768
[v10_resurface MK] 456/768
[v10_resurface MK] 464/768
[v10_resurface MK] 472/768
[v10_resurface MK] 480/768
[v10_resurface MK] 488/768
[v10_resurface MK] 496/768
[v10_resurface MK] 504/768
[v10_resurface MK] 512/768
[v10_resurface MK] 520/768
[v10_resurface MK] 528/768
[v10_resurface MK] 536/768
[v10_resurface MK] 544/768
[v10_resurface MK] 552/768
[v10_resurface MK] 560/768
[v10_resurface MK] 568/768
[v10_resurface MK] 576/768
[v10_resurface MK] 584/768
[v10_resurface MK] 592/768
[v10_resurface MK] 600/768
[v10_resurface MK] 608/768
[v10_resurface MK] 616/768
[v10_resurface MK] 624/768
[v10_resurface MK] 632/768
[v10_resurface MK] 640/768
[v10_resurface MK] 648/768
[v10_resurface MK] 656/768
[v10_resurface MK] 664/768
[v10_resurface MK] 672/768
[v10_resurface MK] 680/768
[v10_resurface MK] 688/768
[v10_resurface MK] 696/768
[v10_resurface MK] 704/768
[v10_resurface MK] 712/768
[v10_resurface MK] 720/768
[v10_resurface MK] 728/768
[v10_resurface MK] 736/768
[v10_resurface MK] 744/768
[v10_resurface MK] 752/768
[v10_resurface MK] 760/768
[v10_resurface MK] 768/768
[restored_v10_no_adapter PPL] 1/130 ppl=5.595618
[restored_v10_no_adapter PPL] 8/130 ppl=6.216907
[restored_v10_no_adapter PPL] 16/130 ppl=7.159176
[restored_v10_no_adapter PPL] 24/130 ppl=7.382116
[restored_v10_no_adapter PPL] 32/130 ppl=7.236402
[restored_v10_no_adapter PPL] 40/130 ppl=7.459099
[restored_v10_no_adapter PPL] 48/130 ppl=7.664935
[restored_v10_no_adapter PPL] 56/130 ppl=7.806594
[restored_v10_no_adapter PPL] 64/130 ppl=7.762126
[restored_v10_no_adapter PPL] 72/130 ppl=8.013154
[restored_v10_no_adapter PPL] 80/130 ppl=8.153963
[restored_v10_no_adapter PPL] 88/130 ppl=8.191001
[restored_v10_no_adapter PPL] 96/130 ppl=8.225896
[restored_v10_no_adapter PPL] 104/130 ppl=8.115359
[restored_v10_no_adapter PPL] 112/130 ppl=8.051354
[restored_v10_no_adapter PPL] 120/130 ppl=8.104813
[restored_v10_no_adapter PPL] 128/130 ppl=8.180368
[restored_v10_no_adapter PPL] 130/130 ppl=8.186187
[restored_v10_no_adapter MK] 1/768
[restored_v10_no_adapter MK] 8/768
[restored_v10_no_adapter MK] 16/768
[restored_v10_no_adapter MK] 24/768
[restored_v10_no_adapter MK] 32/768
[restored_v10_no_adapter MK] 40/768
[restored_v10_no_adapter MK] 48/768
[restored_v10_no_adapter MK] 56/768
[restored_v10_no_adapter MK] 64/768
[restored_v10_no_adapter MK] 72/768
[restored_v10_no_adapter MK] 80/768
[restored_v10_no_adapter MK] 88/768
[restored_v10_no_adapter MK] 96/768
[restored_v10_no_adapter MK] 104/768
[restored_v10_no_adapter MK] 112/768
[restored_v10_no_adapter MK] 120/768
[restored_v10_no_adapter MK] 128/768
[restored_v10_no_adapter MK] 136/768
[restored_v10_no_adapter MK] 144/768
[restored_v10_no_adapter MK] 152/768
[restored_v10_no_adapter MK] 160/768
[restored_v10_no_adapter MK] 168/768
[restored_v10_no_adapter MK] 176/768
[restored_v10_no_adapter MK] 184/768
[restored_v10_no_adapter MK] 192/768
[restored_v10_no_adapter MK] 200/768
[restored_v10_no_adapter MK] 208/768
[restored_v10_no_adapter MK] 216/768
[restored_v10_no_adapter MK] 224/768
[restored_v10_no_adapter MK] 232/768
[restored_v10_no_adapter MK] 240/768
[restored_v10_no_adapter MK] 248/768
[restored_v10_no_adapter MK] 256/768
[restored_v10_no_adapter MK] 264/768
[restored_v10_no_adapter MK] 272/768
[restored_v10_no_adapter MK] 280/768
[restored_v10_no_adapter MK] 288/768
[restored_v10_no_adapter MK] 296/768
[restored_v10_no_adapter MK] 304/768
[restored_v10_no_adapter MK] 312/768
[restored_v10_no_adapter MK] 320/768
[restored_v10_no_adapter MK] 328/768
[restored_v10_no_adapter MK] 336/768
[restored_v10_no_adapter MK] 344/768
[restored_v10_no_adapter MK] 352/768
[restored_v10_no_adapter MK] 360/768
[restored_v10_no_adapter MK] 368/768
[restored_v10_no_adapter MK] 376/768
[restored_v10_no_adapter MK] 384/768
[restored_v10_no_adapter MK] 392/768
[restored_v10_no_adapter MK] 400/768
[restored_v10_no_adapter MK] 408/768
[restored_v10_no_adapter MK] 416/768
[restored_v10_no_adapter MK] 424/768
[restored_v10_no_adapter MK] 432/768
[restored_v10_no_adapter MK] 440/768
[restored_v10_no_adapter MK] 448/768
[restored_v10_no_adapter MK] 456/768
[restored_v10_no_adapter MK] 464/768
[restored_v10_no_adapter MK] 472/768
[restored_v10_no_adapter MK] 480/768
[restored_v10_no_adapter MK] 488/768
[restored_v10_no_adapter MK] 496/768
[restored_v10_no_adapter MK] 504/768
[restored_v10_no_adapter MK] 512/768
[restored_v10_no_adapter MK] 520/768
[restored_v10_no_adapter MK] 528/768
[restored_v10_no_adapter MK] 536/768
[restored_v10_no_adapter MK] 544/768
[restored_v10_no_adapter MK] 552/768
[restored_v10_no_adapter MK] 560/768
[restored_v10_no_adapter MK] 568/768
[restored_v10_no_adapter MK] 576/768
[restored_v10_no_adapter MK] 584/768
[restored_v10_no_adapter MK] 592/768
[restored_v10_no_adapter MK] 600/768
[restored_v10_no_adapter MK] 608/768
[restored_v10_no_adapter MK] 616/768
[restored_v10_no_adapter MK] 624/768
[restored_v10_no_adapter MK] 632/768
[restored_v10_no_adapter MK] 640/768
[restored_v10_no_adapter MK] 648/768
[restored_v10_no_adapter MK] 656/768
[restored_v10_no_adapter MK] 664/768
[restored_v10_no_adapter MK] 672/768
[restored_v10_no_adapter MK] 680/768
[restored_v10_no_adapter MK] 688/768
[restored_v10_no_adapter MK] 696/768
[restored_v10_no_adapter MK] 704/768
[restored_v10_no_adapter MK] 712/768
[restored_v10_no_adapter MK] 720/768
[restored_v10_no_adapter MK] 728/768
[restored_v10_no_adapter MK] 736/768
[restored_v10_no_adapter MK] 744/768
[restored_v10_no_adapter MK] 752/768
[restored_v10_no_adapter MK] 760/768
[restored_v10_no_adapter MK] 768/768
{
  "format": "MAMBA2_STATE_RESURFACE_V11_COMPARISON_V1",
  "complete": true,
  "protocol_sha256": "cebe06473806d74726ac006ff6d5dd316f4fdcfb779eb47f5af271ddb1fa04a6",
  "stage": "full",
  "parent_binding": {
    "calibration_sha256": "a77bbd86ae609d8ef7cf90f10d0904cf95b4df8e059c9ea6cb2fd12886436fb8",
    "calibration_receipt_sha256": "4dbc05cef7f3cd3b5bb43e65c0f25a1befdee2218aef3a476291a43093645b4c",
    "calibration_format": "MAMBA2_STATE_PPL_V10_CALIBRATION_V1",
    "layout": "32_32_64",
    "table_sha256": "b1865e81ff3fbed028027a883872aef9bb91e614e7cf08c72211496a78aeb597",
    "v10_full_selected_sha256": "598b7d3f8088d58513c4ab99aaf911543b0c355e02d9e79cb59a734c55a3f610",
    "v10_full_comparison_sha256": "d0a86c047d992377f8a6cf9c996d8b5525f03309497d378b814dd22d39ddea57",
    "v10_full_audit_sha256": "31d93219972466f6c62b8e1036c4de6cceee1d4c53d438faffeb02853c0affe5",
    "selection_report_sha256": "52b0de42ced43fce56e9ad066b16fa95fd85e9c9fd7e508bf7753b7383195a0a"
  },
  "training_report_sha256": "090c02ee03658b5558afb65664f671a09edb98a698aec8a05b0723932631d02c",
  "training_audit_sha256": "70d98f85982f01029d45323ec4a5822712297ef66f91f8491b51b6840616fc14",
  "candidate_adapter_sha256": "339334b3431027504fb8da4ce3167d63c8c2f309920cfb0076bde1f72a115cb7",
  "backend_policy": {
    "format": "MAMBA2_ARCHIVED_RMSNORM_REPLAY_POLICY_V1",
    "kernel": "mamba_ssm.ops.triton.layer_norm._layer_norm_fwd_1pass_kernel",
    "original_configs": [
      {
        "kwargs": {},
        "num_warps": 1,
        "num_stages": 3,
        "num_ctas": 1,
        "maxnreg": null,
        "pre_hook_is_none": true
      },
      {
        "kwargs": {},
        "num_warps": 2,
        "num_stages": 3,
        "num_ctas": 1,
        "maxnreg": null,
        "pre_hook_is_none": true
      },
      {
        "kwargs": {},
        "num_warps": 4,
        "num_stages": 3,
        "num_ctas": 1,
        "maxnreg": null,
        "pre_hook_is_none": true
      },
      {
        "kwargs": {},
        "num_warps": 8,
        "num_stages": 3,
        "num_ctas": 1,
        "maxnreg": null,
        "pre_hook_is_none": true
      },
      {
        "kwargs": {},
        "num_warps": 16,
        "num_stages": 3,
        "num_ctas": 1,
        "maxnreg": null,
        "pre_hook_is_none": true
      },
      {
        "kwargs": {},
        "num_warps": 32,
        "num_stages": 3,
        "num_ctas": 1,
        "maxnreg": null,
        "pre_hook_is_none": true
      }
    ],
    "selected_config": {
      "kwargs": {},
      "num_warps": 16,
      "num_stages": 3,
      "num_ctas": 1,
      "maxnreg": null,
      "pre_hook_is_none": true
    },
    "singleton_config_bypasses_autotuning": true,
    "applied_before_first_model_load": true,
    "candidate_used_for_selection": false,
    "selection_basis": "Only warp16 exactly matches both archived S16 and parent first-window NLL; full archived parent replay remains mandatory",
    "external_source_sha256": {
      "mamba_ssm.ops.triton.layer_norm": "0cecae69ed780c07454fe067f9738608a53ebb17ae6046988d13bbbd84ca128b",
      "mamba_ssm.utils.determinism": "cb6e1c30392c11200425c2a23ad9fa3d47f50b556d15e9b0caf79b7d483d6f1d",
      "triton.runtime.autotuner": "40f5e142806219942585a16742e9f3721d5bfef88145b571cf389f9aec6460bb"
    },
    "package_versions": {
      "torch": "2.11.0+cu128",
      "mamba-ssm": "2.3.2.post1",
      "triton": "3.6.0"
    },
    "cudnn_version": 91900,
    "precision_flags": {
      "tf32_matmul": false,
      "tf32_cudnn": false,
      "fp16_reduced_precision_reduction": true,
      "bf16_reduced_precision_reduction": true,
      "cudnn_benchmark": false,
      "cudnn_deterministic": false,
      "deterministic_algorithms": false,
      "float32_matmul_precision": "highest"
    },
    "determinism_environment": {
      "MAMBA_DETERMINISTIC": null,
      "TRITON_CACHE_AUTOTUNING": null,
      "TRITON_AUTOTUNE_BLOCK_SIZE_M": null,
      "TRITON_AUTOTUNE_BLOCK_SIZE_N": null,
      "TRITON_AUTOTUNE_BLOCK_SIZE_K": null,
      "TRITON_AUTOTUNE_BLOCK_SIZE_DSTATE": null
    },
    "clarification_sha256": "a677dcf896c37474d422ee54abc8f9bea6052e5c76d5835e9cc2b94f304f2f45"
  },
  "code_hashes": {
    "docs/QUANT_FIRST_PROTOCOL.md": "24466642ce87c75fc2136a42ed14e69733c462b507a0be82c062b4da7f836bcb",
    "docs/RESURFACE_MORE_BACKEND_REPLAY.md": "a677dcf896c37474d422ee54abc8f9bea6052e5c76d5835e9cc2b94f304f2f45",
    "docs/STATE_PPL_V10_PROTOCOL.md": "565707cf401b2ab472b9b78368a7192afeebe73056efd811b7acba610e3d9567",
    "docs/STATE_PPL_V6_PROTOCOL.md": "86d4e8dc85d79c2c867ce15a846c5938893c86d27e67ad174472975e654e9bff",
    "docs/STATE_PPL_V8_PROTOCOL.md": "880839c0b0919d0a9a119647d2d9c1657e5b8eb5389c8c2ee22ee1785917aa01",
    "docs/STATE_PPL_V9_PROTOCOL.md": "9e01c03ee6870a8ecbcd9a0ba9157b1651d2830ea65d2951664ebcb81b4a09b3",
    "docs/STATE_RESURFACE_V11_PROTOCOL.md": "cebe06473806d74726ac006ff6d5dd316f4fdcfb779eb47f5af271ddb1fa04a6",
    "mamba2_recall/__init__.py": "79b32606ac476c3248911c55571bf97f96689770067856ce8347837478ef33fd",
    "mamba2_recall/calibration.py": "54e178521abfe2513fb7bac2aed2ef178fc01b63135222ecc212001ee3ce0a04",
    "mamba2_recall/evaluation.py": "95cba0b201e37f92e6cbfadb9b3e9d79ba7b0cdc9efda6a58a6216b0d84d35e0",
    "mamba2_recall/resurface_data.py": "1a547fe3cedca406d6e3db85f65c3ce554558691e3b29b9c92d8fd6bd1c1ba35",
    "mamba2_recall/resurface_loss.py": "ec045368583b6e49f484341b2d718658bb59e8d11050710377742752c1c67294",
    "mamba2_recall/resurface_native.py": "2dd08c7ee8958c832f0ae9da7cf5f261dceeff3e528e493c905c7c52df7166d7",
    "mamba2_recall/runtime.py": "73a405b4286dda403f252cf0b73d367adcfead96298a1e6f440b65f5b309530c",
    "mamba2_recall/state_codec.py": "56bd56d2fcb96382a4c6139824245f7608e903bbf1e3d07c9ea6d61ac8ce371a",
    "mamba2_recall/state_codec_dense3.py": "b2643076540ec67f4b879ba9dc2c512fdbfdf3c3db7c957902002e1bc5df0a05",
    "mamba2_recall/state_quant.py": "d57ccba302c81808456ef8ccd9bc36bcb22ee976b2e4cad5efe43f99e4e17efd",
    "mamba2_recall/state_quant_dense3.py": "946bdb08d1557d364e8b1f4264412dffcd2481227daee4bfdba6a5238729f9fd",
    "mamba2_recall/state_repair_calibration.py": "c1ae810a452a16a2766cd68438303df16cd10c617e68e226429541dd33ebc86d",
    "mamba2_recall/state_training.py": "2d7babbf5d402e3dafaa69681ebd3028452a688b31cb1b6c4fc18d1d73dbb894",
    "mamba2_recall/state_training_scan.py": "cc33e0b88e2b5d6649fdfc85570ba484363eea34b14b536de669fd4c7d0b54ba",
    "scripts/audit_state_ppl_v10.py": "4f9e7bff5f237d86f3348f8bf05f173596b0d28fd1b41c3914eb33aaeb1f34f5",
    "scripts/audit_state_ppl_v9.py": "fbb30790aa47431713806fdf8673a4d30db29cddd427cdc4374919458f1b2cb3",
    "scripts/audit_state_resurface_v11.py": "f2d73776b1ef9f11ea6ff2adfc1a5c7286b47bab86462f7bc36cfd5c49c0ca0c",
    "scripts/check_state_ppl_codec_v10.py": "df7a0cbbe108a5e696fe91f08f39447770e402e171b2011a1d66c21962d5f11b",
    "scripts/check_state_ppl_codec_v6.py": "d5feee53129c54548f8ba3c9a579633c41b153ebab57a5e0550d5dda0316d7b1",
    "scripts/check_state_ppl_training_v11.py": "7053230fd0fb55c5592670d5ae82908b72a6339e3bc9504cefd759944aa2d9f9",
    "scripts/evaluate_quant_first.py": "4f74c373537785bb877b0d03cbc531a8f1a8480666a74d9bb93966cc226aa7a4",
    "scripts/evaluate_resurface_more.py": "dd5af73e0c201c931a27e3563977ae1fb1f093eb43440ff2b130ce2db985a732",
    "scripts/prepare_quant_first.py": "47885b474702a414a5ca9cc7b6a9dea1ee55a988469b80bb04a14812eee4eae5",
    "scripts/prepare_state_first_v5.py": "848eb4b3dfde96de02affc391d715a3ae74ed37ac4831d0a2760ecd33893c474",
    "scripts/prepare_state_ppl_v8.py": "bff9f33053c531763019d323a93d7050fceba31efd9d45f81f2f066570371149",
    "scripts/prepare_state_ppl_v9.py": "6fc804b75d6fcbc95c837afe86b521386862ddff7f4a146972158fe049ca1362",
    "scripts/run_state_ppl_v10.py": "090201215840991e684739871d59fe88c5f1ebf370e6f2db074498b6103fdc37",
    "scripts/run_state_ppl_v6.py": "c5fe407ab9d0c94ef4acd83abbb9a57028c1d5e284a21ae56adb5231def29baf",
    "scripts/run_state_ppl_v8.py": "6f76a28830f927d7d982f0ab1fe5bc80182dbf2f2f7e0bd795e3fd605eb63641",
    "scripts/run_state_ppl_v9.py": "696a9cbe850043829f3dd0fddf4b24d13374df6585116f09071530e1de6cf6d6",
    "scripts/run_state_resurface_v11.py": "076cdad0d5251e28adbc03b15e565084123fa84eb195813191ab0004f4cefe5b",
    "scripts/run_statequant.py": "0f56215a494395c6e1ab68c38fd80aee4faf70b8d1b3bfd714d09fd5d7ff6d8d",
    "scripts/state_ppl_codec_v10.py": "53cbba84e608cc20e4ca7fc39afca23e0b2c09fdd6002c4cb17affa629638da6",
    "scripts/state_ppl_codec_v6.py": "76d76577559c8bb8d86907934f2d65282da27e1d1e8e378392eba5809ae34c54",
    "scripts/state_ppl_training_scan_v11.py": "d845dc86a8e94c2c9b8f39f81fce2abef34e0b4d00404547ffbd59f34c03a80d",
    "scripts/state_ppl_training_v11.py": "ff4f91ba88233d2e6f6f07224f0d2072a7728332dc78774ee210e6542ce3a659",
    "scripts/train_quant_first.py": "547e5b64904a273cd96a7d77624e5225a67edb9fa683950a43efc2d4171392a6",
    "scripts/train_resurface_more.py": "54df8c8fb6130fbe7f39e580eec67a620521931d877fc1fdeb4bc93f8404a18e",
    "scripts/train_state_resurface_v11.py": "06d44587f1dc9de1b2e33bcdaa7ee0ab7f822b9541e2a76152a8ef2ceac500fa"
  },
  "report_sha256": {
    "v10_no_adapter": "fe44ac311e2405bf5df315628a19135ab1cc9c6b88779044f0904bc702601c76",
    "v10_resurface": "8e901f22bdd6667bb050c4e2d05c87f8f908172b822c09443534e7fc54c62538",
    "restored_v10_no_adapter": "4610afee27c4460ad21ebed7c70b439f13d8a337f393c281481979cbd802d9e0"
  },
  "parent_replay": {
    "complete": true,
    "per_window_nll_exact": true,
    "ppl_windows_repeated": 130,
    "target_tokens": 264764,
    "reset_hidden_exact": true,
    "reset_cache_exact": true,
    "cache_bytes_exact": true
  },
  "restoration": {
    "complete": true,
    "per_window_nll_exact": true,
    "all_generated_ids_exact": true,
    "all_decoded_predictions_exact": true,
    "ppl_windows_repeated": 130,
    "ppl_target_tokens_repeated": 264764,
    "mk_cases_repeated": 768,
    "scope": "Entire selected pilot/full SQ baseline repeated after removing the new adapter",
    "whole_reset_probe_exact": true,
    "ppl_end_cache_exact": true,
    "mk_end_cache_exact": true,
    "all_storage_descriptors_exact": true
  },
  "comparison": {
    "control_arm": "v10_no_adapter",
    "candidate_arm": "v10_resurface",
    "control_ppl": 8.186186562837207,
    "candidate_ppl": 7.855569605864836,
    "ppl_relative_change": -0.040387175937728004,
    "control_normal_mk": {
      "count": 384,
      "correct": 32,
      "accuracy": 0.08333333333333333,
      "prediction_categories": {
        "correct_target": 32,
        "not_present_value": 128,
        "unparseable": 3,
        "wrong_present_value": 221
      }
    },
    "candidate_normal_mk": {
      "count": 384,
      "correct": 271,
      "accuracy": 0.7057291666666666,
      "prediction_categories": {
        "correct_target": 271,
        "not_present_value": 77,
        "unparseable": 3,
        "wrong_present_value": 33
      }
    },
    "normal_mk_accuracy_delta": 0.6223958333333334,
    "normal_mk_correct_delta": 239,
    "paired_improvements": 242,
    "paired_regressions": 3,
    "paired_unchanged": 139,
    "normal_mk_paired_bootstrap_95ci": [
      0.5729166666666666,
      0.671875
    ],
    "bootstrap_draws": 10000,
    "bootstrap_seed": 20260928,
    "control_target_removed_mk": {
      "count": 384,
      "correct": 0,
      "accuracy": 0.0,
      "prediction_categories": {
        "not_present_value": 226,
        "other_present_value": 156,
        "unparseable": 2
      }
    },
    "candidate_target_removed_mk": {
      "count": 384,
      "correct": 0,
      "accuracy": 0.0,
      "prediction_categories": {
        "not_present_value": 210,
        "other_present_value": 169,
        "unparseable": 5
      }
    }
  },
  "quality_checks": {
    "ppl_no_worse_than_v10": true,
    "ppl_strictly_below_8p25": true,
    "normal_mk_increases": true,
    "paired95_lower_positive": true,
    "exact_archive_replay": true,
    "exact_adapter_removal_replay": true,
    "cache_same_budget": true,
    "adapter_storage_verified": true,
    "training_audit_passed": true
  },
  "quality_gate_pass": true,
  "independent_full_audit_required": true,
  "selection_scope": "Final1536 TRAIN export only; validation/CONFIRM never select an adapter or threshold",
  "quality_scope": "Historically exposed validation corpus and CONFIRM prompt families; no unseen-generalization claim",
  "memory": {
    "persistent_cache_bytes": 28499968,
    "adapter": {
      "loaded": true,
      "tensors": 224,
      "parameters": 1154104,
      "fp16_payload_bytes": 2308208,
      "resident_storage_bytes": 2308208,
      "persistent_buffer_bytes": 0,
      "additional_recurrent_cache_bytes": 0,
      "ema_enabled": false,
      "cache_plus_adapter_bytes": 30808176,
      "serialized_file_bytes": 2375743,
      "adapter_sha256": "339334b3431027504fb8da4ce3167d63c8c2f309920cfb0076bde1f72a115cb7",
      "tensor_sha256": {
        "layer0.V_read": "e883258e1553188eb944ac509691f38a84412277cda1b440fb4fe5001c157a26",
        "layer0.g_read": "21da2bbe7ce4bd78bb3e818fa3dee8628c774863b8c1415ef3cc654864ccd262",
        "layer0.router_w": "9c6945df5b04afc2f67afb1280a59690c6f750f0216d41d65efa4b2e31ddc4f4",
        "layer0.router_b": "ebbb11c8f59b403f66668cc95e0db57bd4e2497576522ddebec771d77670abd8",
        "layer1.V_read": "07ad8fce35d3bac3868c66b783010bc9ce993c47d26c9ac2ac7e052abf447339",
        "layer1.g_read": "371902acc11ad9eabec1f026514e6ff0aa1f90841ac5a78e571a30f6a21084ae",
        "layer1.router_w": "d583f22e0b33b2029d99c9b912fff56a36761c4f2cc09793c6a7a5482a6b3812",
        "layer1.router_b": "f47fe0dbb02326606c3752306eeb57abfa1b8370545ad7b23a91791074459042",
        "layer2.V_read": "655148ad2254ab6012787267e33058d140ae262a8195d13130a575ad46fb2582",
        "layer2.g_read": "1c0e20a4e89ee893ac506310bb61c4aa9ffb2daf7620e741a4e3a335c033fd3b",
        "layer2.router_w": "a1743f80dff2ec8a47fd4fb1943b1805af1327f9babe9b0bcd5edbe3b99280ee",
        "layer2.router_b": "df8dac016c676e9f895ab0dbca95ddd64681d8816e2d1fcc6d44c3472e93eb49",
        "layer3.V_read": "8cbc18b1ca01f61f83d47aa4ed8c6e997a5e90e9a29d033616b5888df5a8d702",
        "layer3.g_read": "14ce2c49ee3f727934befb500bddd39190e10792598dbeb034f895cf9e51b4da",
        "layer3.router_w": "00c5eccfe2c5702a5a8b2722e9535254f888644a353a8491ac295227e1a158a9",
        "layer3.router_b": "507f223d9339008322a491d3d4d9dd77e2e1dd99dd88b9a17e19e2bfdb235b65",
        "layer4.V_read": "7450eb6a34181f74fd35e6d2d3cbdb799dda6d28f4e5b092eceb5427ab061875",
        "layer4.g_read": "0057485ebcfe81a6b8bb8102d066df6c635da4369c9d3626631ae7d8bd596e63",
        "layer4.router_w": "486801d629622f7bc0682aa09c4b00ecb60d43cbd72931f801177b3bf5da739c",
        "layer4.router_b": "de6343c9dac0fa5e944b0260a84812bf8e0cc2efd38014a76d85709a524ad535",
        "layer5.V_read": "9766f6084303a0c5a12ee217caea2644cef567277d03ef2822b6838c811a3aab",
        "layer5.g_read": "5d0461f0a072c694c98d32aac8fa26258a570cdd3db1cddbec7984522edd37b6",
        "layer5.router_w": "8ee2cfde7122b3af09d7723a9ef1ba0bea5a5eb1d4216212249bee28262a979f",
        "layer5.router_b": "507f223d9339008322a491d3d4d9dd77e2e1dd99dd88b9a17e19e2bfdb235b65",
        "layer6.V_read": "8295e2fa94b5e765780b0faa3019b8fc46a4f5647bbd66a610435200cd3aeabe",
        "layer6.g_read": "0a58d7383150ac213fcd2f8f180935563b4b346e13cb59932e8e588e32a124f2",
        "layer6.router_w": "49ad3080b744edf4c89febf9c1bbe22ee0f83321f8a79aa595deff3b80262196",
        "layer6.router_b": "507f223d9339008322a491d3d4d9dd77e2e1dd99dd88b9a17e19e2bfdb235b65",
        "layer7.V_read": "1534d6788c0980670340a106d62e66df114a078794be660543f12d8ce3da1b74",
        "layer7.g_read": "9b53288aa78eafb87302ed2dfc329e299cfbbd8f558df11760e45a0b12e3b470",
        "layer7.router_w": "caab60cb2b6694292f1872dc4a573869b2147badbdf9fb3062278b75f133ca1a",
        "layer7.router_b": "82b5a0487992a93bbceefc7d417bb0a9ccfbbfd955b99d0784bc73a8f1de5b53",
        "layer8.V_read": "2d6654cdab0d04c1a8ba0cac01804dea72142659af62b74e4eda2cb6d6aec8fc",
        "layer8.g_read": "80e48d5268e66e6365136d9f5f8589853d2c18b2b9555bd1bd160c2833c9c3d6",
        "layer8.router_w": "f650c54fbdad091ce3dcd02a6bdea6b7a860f94c0bed4923682776917f5dabcf",
        "layer8.router_b": "de6343c9dac0fa5e944b0260a84812bf8e0cc2efd38014a76d85709a524ad535",
        "layer9.V_read": "03556b25756a334b80fc92648824099dbbdedbfcd4e1ed1a61d114d45e064612",
        "layer9.g_read": "027de6a28a72effd0ab7b33fed30ecb2cf13823a708e63bc653432b3553e725d",
        "layer9.router_w": "b9017a642e7d0733bb688572e40d1341afa6f8907c81386c882f024d878b9683",
        "layer9.router_b": "82b5a0487992a93bbceefc7d417bb0a9ccfbbfd955b99d0784bc73a8f1de5b53",
        "layer10.V_read": "c98d5d030b48032c1cdbdfcf7babfaee0a89a6509fdc0d97adc45e4b575cd30f",
        "layer10.g_read": "fe50a9335221d56683beee3f929f89991481a8c070b238b1a667bdb322f4d0f3",
        "layer10.router_w": "0ce7357bc50785e7386ad1ddd1ea89d269f41971547438292b982eefbb897335",
        "layer10.router_b": "82b5a0487992a93bbceefc7d417bb0a9ccfbbfd955b99d0784bc73a8f1de5b53",
        "layer11.V_read": "578c3e4d3c21c717272e34005e5cd1dd1a10b8d5939e1f70eafdb9044f9116e8",
        "layer11.g_read": "6ff03bfc77584ee8afbc8e8340bc4c6e2cc83dcad3079a7c1101b884c12999cf",
        "layer11.router_w": "18547104676951977d500f08a9524955721bed8770b1896ea422f438bb108c62",
        "layer11.router_b": "f47fe0dbb02326606c3752306eeb57abfa1b8370545ad7b23a91791074459042",
        "layer12.V_read": "778604341f8fb805c963589e6307c185f7e99a7e255eaa78829c31b070725a64",
        "layer12.g_read": "a5d8ee6f8accc6d2f1ac96db2de04e401fa19678f16cdc3739f6af26557f60dd",
        "layer12.router_w": "38b497cb082468a62ac9967ea34e84c74fbcf93e597b42650755b5f755be809d",
        "layer12.router_b": "507f223d9339008322a491d3d4d9dd77e2e1dd99dd88b9a17e19e2bfdb235b65",
        "layer13.V_read": "e81ac938ebf90b4d310a33ab922558f09f30a6fd21f1eadc765374c6b151bc77",
        "layer13.g_read": "f64928acf51ed966f8132a86f9bbfed9e8071eb9d99262f5f21474904efbf84f",
        "layer13.router_w": "f40143154644408360ebb24c803c28c4fd4712b99c93d55010567bc8270a9bec",
        "layer13.router_b": "82b5a0487992a93bbceefc7d417bb0a9ccfbbfd955b99d0784bc73a8f1de5b53",
        "layer14.V_read": "cde690f2777a41c3b1ca0bc5fdcd33c8fae55682a4847cb17093146ddb01f56c",
        "layer14.g_read": "538cde1e6da1e7d729f4f479a0480f69c316e24fea983d17a44427d7e93abf59",
        "layer14.router_w": "f8ce523ada74484f747f6ab2b26d2b481933cf258b75ca17a12462988abad7a3",
        "layer14.router_b": "df8dac016c676e9f895ab0dbca95ddd64681d8816e2d1fcc6d44c3472e93eb49",
        "layer15.V_read": "0f92c83f2035728e517e01f480385a59ef977d6d7d318d95db6e8a1cda3edb94",
        "layer15.g_read": "4b8529fb95b846d429f638aa4ad2d023b13db8482eecbe2430ebcf4600efc131",
        "layer15.router_w": "c526b90d97e6110c0f982520adf6e432a366fe8517a3fcc7579615f08914c81a",
        "layer15.router_b": "df8dac016c676e9f895ab0dbca95ddd64681d8816e2d1fcc6d44c3472e93eb49",
        "layer16.V_read": "df022a1b1ad2850f4a0a643a57061d9c8b767faab8838bc42dbaca856a581b29",
        "layer16.g_read": "f545cb9f22324fe44a9f2c44ece81d6e89f56fd9456486921a78dff3a77f4322",
        "layer16.router_w": "66a9b0ac6f6f93d3693901ca77c6ed75fa74f7e7fd10711b14cfd775ba26bf45",
        "layer16.router_b": "df8dac016c676e9f895ab0dbca95ddd64681d8816e2d1fcc6d44c3472e93eb49",
        "layer17.V_read": "ffee5b22c0f310eafe426b64c5140b4dab93ec93ed53b05247502ea51257f8d5",
        "layer17.g_read": "f09637e0741f11510e75ef3aa272ab935d6f3614a9898f2f5d16dc39bac85f4c",
        "layer17.router_w": "b6dfe1554a14754f3ee6d76863e97a7c92f2622ba972fdbf4f38892d70d40373",
        "layer17.router_b": "ebbb11c8f59b403f66668cc95e0db57bd4e2497576522ddebec771d77670abd8",
        "layer18.V_read": "3cf78b749b2969e778b576e3b27947bea8ef06b534ac21ce55413ff23efd8b65",
        "layer18.g_read": "b225749bd43bdc23a63ccc8bcb2cf37a54385bd429fde50e4e59c9c181addfa8",
        "layer18.router_w": "1bd139f9b5533a21ac404819dd784e8f71276d8ae4a278bb9b4eb7e09f519a8f",
        "layer18.router_b": "ebbb11c8f59b403f66668cc95e0db57bd4e2497576522ddebec771d77670abd8",
        "layer19.V_read": "13db808121019768fff38f81f10999e8f1da4166d291e618ade77f788a1e3123",
        "layer19.g_read": "6c62ea641f959683df2de6cd68b4a9f8509a875bb22ce529c6f25e966f5b2e7e",
        "layer19.router_w": "bd27773de87a5134d86adf4910074779520a55d4add9090d5f26e14f4c9f7932",
        "layer19.router_b": "df8dac016c676e9f895ab0dbca95ddd64681d8816e2d1fcc6d44c3472e93eb49",
        "layer20.V_read": "f78a5cf87e062abb17c82fed1d91f5f58da2f35d55c71da8e57d962f4fdf29f9",
        "layer20.g_read": "c38a4cf0f111cecb0370a29659be2ac624efcd8caaf98dc41ed1fbf4227731e2",
        "layer20.router_w": "90c310d55ab47087ce460d8bb0a0ebde20a15323fbf7e733a87f38ed158daa62",
        "layer20.router_b": "f47fe0dbb02326606c3752306eeb57abfa1b8370545ad7b23a91791074459042",
        "layer21.V_read": "f27726cdf9727ac7349cb0d0bc5eae64ac8471d3127133c6896efb7cdb811b3c",
        "layer21.g_read": "6884e59351eee4b459b8272622bed8d4bd4408bc47a488f89c8a101f0e27acea",
        "layer21.router_w": "ae1fe318f4e9f1c3e43b1e7c63a7caea5cd25a83789f96ca77fbf5dfa6825b01",
        "layer21.router_b": "f47fe0dbb02326606c3752306eeb57abfa1b8370545ad7b23a91791074459042",
        "layer22.V_read": "1b126529a82400b3e959c7db50c744dd4a286d433ef23cedb75010da3b5ed299",
        "layer22.g_read": "8121b16e996f6368c4f52787771a17dfdc27a3108af0c50fe966213a110a2ee0",
        "layer22.router_w": "3167ea2351975c44f2aaf07082b8419904d4c19e9c5f3563c34d01824bb935ab",
        "layer22.router_b": "f47fe0dbb02326606c3752306eeb57abfa1b8370545ad7b23a91791074459042",
        "layer23.V_read": "526efff38c58c7c93cfcfd26317274a9959086f713bef0a7a271f9d9bdc43db3",
        "layer23.g_read": "80efc93f8d2a6ad9481281f86989d80704b2671e9287fc2dd631ba0f1f09ab74",
        "layer23.router_w": "1e29add0c01bef2cb719eb5d231529ed5da2d496b041e2e1ee2756d22ce4d47b",
        "layer23.router_b": "f47fe0dbb02326606c3752306eeb57abfa1b8370545ad7b23a91791074459042",
        "layer24.V_read": "0dc8c50cbc0973fdef9e1c323d1f1024813c248fc5dac81f5de81e223c14004f",
        "layer24.g_read": "0050747a3a3d5f3018ab3266a365b2acb3e0e744427bccf6b4c13105c79dbee6",
        "layer24.router_w": "c8669db30d6ac88e662a63ca07bf35ddfeb9c6fbce6ef7a97954bd0e3e608c25",
        "layer24.router_b": "df8dac016c676e9f895ab0dbca95ddd64681d8816e2d1fcc6d44c3472e93eb49",
        "layer25.V_read": "824bf5208ee4a16d999babbd5b3c620c3f8bc2d2c872386b86ac72b0ea35b820",
        "layer25.g_read": "a9ae6d280a213074f34e838839cbb98f21d9eed525eed78dc2184cb59f90dd07",
        "layer25.router_w": "8a0b06d95987f977e8452f3a6379d3c855966a27ad0caf20f9cf1c25b59e5140",
        "layer25.router_b": "f47fe0dbb02326606c3752306eeb57abfa1b8370545ad7b23a91791074459042",
        "layer26.V_read": "ca68015cbd2cee56f0d3f53d9bf21b3b7e6b5cccbf52321078f4db6bee5de053",
        "layer26.g_read": "661a0d33d10e61469a64426cadabbcc3dcd0c1c485c8bbace387ac921e017704",
        "layer26.router_w": "02841beadb22fc2ddae2c20b2be88b1ac53ab3158f56afe0f5d78e1c48e58da6",
        "layer26.router_b": "f47fe0dbb02326606c3752306eeb57abfa1b8370545ad7b23a91791074459042",
        "layer27.V_read": "575d8b4971f36d344a3d00011c89ba22e27ed5b1bc2968019d6f2fb39c886be1",
        "layer27.g_read": "8f5ac8231204cd80e5e5ce6d3cf7f79e1d0ea45d5bc5ab4edc0ff2e5a00f7ea8",
        "layer27.router_w": "d5d01da2f31e1b32b14a873f54d96d80cd6ef1795cec588c8dba4290349a1317",
        "layer27.router_b": "f47fe0dbb02326606c3752306eeb57abfa1b8370545ad7b23a91791074459042",
        "layer28.V_read": "5583ed581265a90827f83b97ba8d7de264dfd3ce3708e1eb523726d2804a2af0",
        "layer28.g_read": "f1d23a2db7d96fa11150b05a0492e1fc3e40b3c2533978cc80927a91469d16b6",
        "layer28.router_w": "fa2c172e0a3657c2f263503ccff408abe9981b3771d15ab5da0d3f61694321c5",
        "layer28.router_b": "df8dac016c676e9f895ab0dbca95ddd64681d8816e2d1fcc6d44c3472e93eb49",
        "layer29.V_read": "7889d2a0c0bf6a80bab7c11d67829604b8cb6610b8d85ba148e26045d471b9c2",
        "layer29.g_read": "e7f2b67b70303d8190d440920c71e6438ba92a40721ae00629e77a5fdc394879",
        "layer29.router_w": "5857353d038cf5d45c4314af4f03a39dd1aded93197ec991a63fb7430ec33a63",
        "layer29.router_b": "82b5a0487992a93bbceefc7d417bb0a9ccfbbfd955b99d0784bc73a8f1de5b53",
        "layer30.V_read": "9620969a987de974226e84307e64bab2f92f2142b25cc80a2b69729be4cb6881",
        "layer30.g_read": "6cd4a4fecb667835fdc86e8063bdcaaea868ce7e50c26f32a631f293a968b731",
        "layer30.router_w": "3448897a9f264927100d7aaaf81ae7235533ad17bf107d97993f92843d84c489",
        "layer30.router_b": "507f223d9339008322a491d3d4d9dd77e2e1dd99dd88b9a17e19e2bfdb235b65",
        "layer31.V_read": "9b18a86a6ade6ea94773930a9d96a86b9298de67a275b9243e3f2414b1c80759",
        "layer31.g_read": "a7a6768d4d357cd839618915ed7c5f741d75c5b4b0f4b38faa43fb4679616cbc",
        "layer31.router_w": "4381191162708ec2f1a6d2510ed1380959c710c3b8823b1711b7cb5bbe3ec476",
        "layer31.router_b": "82b5a0487992a93bbceefc7d417bb0a9ccfbbfd955b99d0784bc73a8f1de5b53",
        "layer32.V_read": "b60fe92b01f2c316450f9d3e4900ae1bc2d7d01f7b84b85b565937eb9cb25cf7",
        "layer32.g_read": "7177c859f7d69295d6e112fc9c43b7d26185b50027df40c7ac0b37ae31ed62c8",
        "layer32.router_w": "d7ba13c6b8eb8707081a3e785928ae051954a43affa8a7f4e82a55f3d0af3867",
        "layer32.router_b": "507f223d9339008322a491d3d4d9dd77e2e1dd99dd88b9a17e19e2bfdb235b65",
        "layer33.V_read": "42ceafb479bcc9ab8c9cf06aabe3144d604c7ab6c43c5649b1dc126e0340898b",
        "layer33.g_read": "dd6f0613cc366622f119472fc45810feff3881132aeebac207b472a95b04a32c",
        "layer33.router_w": "fef0e31de79b9474b4e84a3fcb5eba18b736b022f157b522be05ff92adb2d128",
        "layer33.router_b": "82b5a0487992a93bbceefc7d417bb0a9ccfbbfd955b99d0784bc73a8f1de5b53",
        "layer34.V_read": "b853c355d9609c562c89d3e90325811f90be847bdca67b3c1ac24e5b5f6326cd",
        "layer34.g_read": "9209481dd9eb463d4ca1364f42156000e2f6011e49633f1c80d607c0192651d4",
        "layer34.router_w": "ec032083978c5499ce30c0eb8c1cd54c00274a53789ad32ab3949b5da50572f6",
        "layer34.router_b": "507f223d9339008322a491d3d4d9dd77e2e1dd99dd88b9a17e19e2bfdb235b65",
        "layer35.V_read": "39fb3cdd1475c15d6af35568e84531e516bb4c77b78088d6918e0b390805a01c",
        "layer35.g_read": "aaffe9886535ed82ab86c1c6b49c03713e545ba851cde68e5e99428b90df1134",
        "layer35.router_w": "d53f6380d903c35e1bc1401e2d6329ce74c74e99ab24de10283b55eea37831dd",
        "layer35.router_b": "82b5a0487992a93bbceefc7d417bb0a9ccfbbfd955b99d0784bc73a8f1de5b53",
        "layer36.V_read": "c2d73116b6a12df6dc1f9ca0278bb22e8ea8fbc69c9343f847538febade738fb",
        "layer36.g_read": "de7cad27d58d5d1ac3bd9d291e61b1873ed4db1f6ca6631c4b117fe218832fb8",
        "layer36.router_w": "6a31a03425b194c6bff1aabcc58b4ee356dba701b3d36e689d686829f8a58f38",
        "layer36.router_b": "82b5a0487992a93bbceefc7d417bb0a9ccfbbfd955b99d0784bc73a8f1de5b53",
        "layer37.V_read": "4e8d036b75e006e170e9458876e46dd05c478a82de6e6f2a76d16a484cfacb12",
        "layer37.g_read": "e6da8c1b97383c7ecd2490b5e7af5035b4b72c77233c915a8bd71b156bb49567",
        "layer37.router_w": "cf6b52ddb92a77dcb57cbaaf6c9c08f1d42654171fb412a114c2a11f2b051f15",
        "layer37.router_b": "82b5a0487992a93bbceefc7d417bb0a9ccfbbfd955b99d0784bc73a8f1de5b53",
        "layer38.V_read": "a25b38a04edaf93f5a4e2097b4adc9b82aad242b92978d4c8de015978647d170",
        "layer38.g_read": "f34b2e4db5794c2c06e03dc812773af5cea6e8a9f922f202328b91a000098ddb",
        "layer38.router_w": "4f2938b562cd9c073e6ce8d8f576396fc52d2ff1c661bac107a855a1c39f2589",
        "layer38.router_b": "507f223d9339008322a491d3d4d9dd77e2e1dd99dd88b9a17e19e2bfdb235b65",
        "layer39.V_read": "269907b3069c598fd66d5adba779bf723fc1c7ff6765672478b20f0d1c24f205",
        "layer39.g_read": "e4793e87ea64d5c915ec966eab2aac54b06fd4a0e7e2e384add483dd7df925cc",
        "layer39.router_w": "aa766b078afea078e44621f66b70854af29f6d70ed93875cf9b9d16d603ccaea",
        "layer39.router_b": "82b5a0487992a93bbceefc7d417bb0a9ccfbbfd955b99d0784bc73a8f1de5b53",
        "layer40.V_read": "e140c8c9723025e1e6ffd65fe00f5b32cedbe6bfcf6788930f5085c630c554c7",
        "layer40.g_read": "555dd91a9ceb69d3c8be0d39d274e7a8b48520221ec1a0030918f488331a4efe",
        "layer40.router_w": "19e51a5dfa742eb3bdcad7c1ed52f7954606e7373c68bfaa67d1ae54aa96ebcb",
        "layer40.router_b": "82b5a0487992a93bbceefc7d417bb0a9ccfbbfd955b99d0784bc73a8f1de5b53",
        "layer41.V_read": "f9bae54f76ce4c8009d7183bc02a1a9185e608928465eef423171a2bc7fc42ef",
        "layer41.g_read": "85c6ffbc8847fb142ff2b124644d6e75f1f5621242efe9cc6370c9570d7064bb",
        "layer41.router_w": "ae55183579b59ba572b8fc5661b66f0ad46180c3f90a4b790f8b7d49cf461877",
        "layer41.router_b": "df8dac016c676e9f895ab0dbca95ddd64681d8816e2d1fcc6d44c3472e93eb49",
        "layer42.V_read": "d73801bbf561446c1511055dd3a89306f5fab41be276f1befafc844132327c98",
        "layer42.g_read": "31961d73313049152acf0d61297445d24fea6c8504664ab011cce95e702be827",
        "layer42.router_w": "2341e6d64231ec112f20a0ae609707cc6b30387c7cd73b8fd99ee9f8bd12efa2",
        "layer42.router_b": "df8dac016c676e9f895ab0dbca95ddd64681d8816e2d1fcc6d44c3472e93eb49",
        "layer43.V_read": "661396091f635fdc712470383b34938b4e4b8125b422154fe0b91bcf3eab5a0e",
        "layer43.g_read": "5fc00bef573301dc5bb56e3bb9fd69d57c505ada4cf2463c3a2131cddb6be62f",
        "layer43.router_w": "828cc5d3444aae82bbde9fe7b9d35d4cf710fb3e407295122da53805b5314adb",
        "layer43.router_b": "df8dac016c676e9f895ab0dbca95ddd64681d8816e2d1fcc6d44c3472e93eb49",
        "layer44.V_read": "31069e19875e66f2c80db4dcb5a82d94cbe79789db4e06ca3c74cd270aa75aa0",
        "layer44.g_read": "587ec83c4e08c8d654ed34aa0e3101e501029974844ff6c3e015775d57e88eef",
        "layer44.router_w": "88f5e128f7a2056cb4bd2c13204b164fd7ffb77c5c1771b18b0df2b4a72def55",
        "layer44.router_b": "df8dac016c676e9f895ab0dbca95ddd64681d8816e2d1fcc6d44c3472e93eb49",
        "layer45.V_read": "79074b5ae85c41eb62b2213424025c25a201ec49e483b5d4b8b52577f81dec13",
        "layer45.g_read": "b7effa4ecba84a558aa1e71ef6e716ef6b6d0b4473e36cad8d00c2810a2f89c9",
        "layer45.router_w": "c1e15647e09a0c7b15e4d58efe1680a304ba127ac6fb95fe5a2bb497c115981e",
        "layer45.router_b": "df8dac016c676e9f895ab0dbca95ddd64681d8816e2d1fcc6d44c3472e93eb49",
        "layer46.V_read": "9696300baf599360b6502c4e1d1d11e70aeb262586f8fb4465de7b1a74efb656",
        "layer46.g_read": "afe2729ee0c33c34db27a1838607f981cae17c67ed80f108a63c49fb72661edc",
        "layer46.router_w": "56cd1b79b52f41de98965d1f131d1f32714cb7d91a7e8f940c791e1acd572821",
        "layer46.router_b": "df8dac016c676e9f895ab0dbca95ddd64681d8816e2d1fcc6d44c3472e93eb49",
        "layer47.V_read": "2b32bbd311baefc21244dea15a8848d3cea091052e632a756696ed6299435859",
        "layer47.g_read": "59c76f9264c6ac3531a6b731002f0bc1b1e3321ddfcf0b99d9e46d88cfdb963e",
        "layer47.router_w": "8624375fc39a1b2ffb560fe297293b27f4680da396b521a9fdf26bdde3a04149",
        "layer47.router_b": "df8dac016c676e9f895ab0dbca95ddd64681d8816e2d1fcc6d44c3472e93eb49",
        "layer48.V_read": "492f40a608b0ae7526f56d43c1dc806c640f73de54f2c77c3bd2f9422b5e1041",
        "layer48.g_read": "a207b34941a49e84590ab8ba8ed17311213ee014bb357ca74e31b3752effc11a",
        "layer48.router_w": "678d5e98951b45317b062e2b2fd54bd461cc15dd76888d08018633504fc88ff3",
        "layer48.router_b": "df8dac016c676e9f895ab0dbca95ddd64681d8816e2d1fcc6d44c3472e93eb49",
        "layer49.V_read": "c79f1b65fac9d6fee003802d956741f48e81266dd7983c426ef228dc760e491a",
        "layer49.g_read": "883d49d61ed61ae3cb41eb5da9dc4b1b07d13a75a0926131b03c3cb8f21fb4cd",
        "layer49.router_w": "5506ed526a7d26248c5e8cc4ec4ebf1f9f232f6a0c44c946595beb04b6b18ccd",
        "layer49.router_b": "df8dac016c676e9f895ab0dbca95ddd64681d8816e2d1fcc6d44c3472e93eb49",
        "layer50.V_read": "cf1b6262db5bd4131e1609c870aad5ff81df21e745cd183e40d1c839fb6b8fd1",
        "layer50.g_read": "e73e9959271e3218aee1dcd7de8b74b0ffb9d350981139b9d5961dcea5c3bdfc",
        "layer50.router_w": "63bdf1d316f0f0d3e4634a2eb1fbe17909175681ebd2d45f7bfdff0603a85d7f",
        "layer50.router_b": "82b5a0487992a93bbceefc7d417bb0a9ccfbbfd955b99d0784bc73a8f1de5b53",
        "layer51.V_read": "e42c599f055cb62ae66c6a3e8946d9a7dad9f8f839e05326d7483590cde8af62",
        "layer51.g_read": "53bebbd8895825e43c47005f804eb4822132d2ba24b3624125301c447f2a945a",
        "layer51.router_w": "3f6d98763ae68e728501a28f96427cec2844b2eb5fd8ed1847ff885572073122",
        "layer51.router_b": "82b5a0487992a93bbceefc7d417bb0a9ccfbbfd955b99d0784bc73a8f1de5b53",
        "layer52.V_read": "351246b4455f00949e3fd5039a215cd155f185e09e9ea237e41a4f470f118359",
        "layer52.g_read": "8bc7fd9f251ad3d12508ec72c38726ed0559b0f5e4577db35cfb4279bf32808e",
        "layer52.router_w": "87080fb2170cfe948c2b0743de73f0999640fcdf43c0bc295d2e1450c9f046eb",
        "layer52.router_b": "82b5a0487992a93bbceefc7d417bb0a9ccfbbfd955b99d0784bc73a8f1de5b53",
        "layer53.V_read": "5e2b27ab02e57e4c879f6cb6678085820ec30bec1dcdf3f2c5ade5a1a9f365db",
        "layer53.g_read": "e0c43e6973d3bdcc4530b9709a70acbbdfea99f9c14f1a93c69416d2cf877b22",
        "layer53.router_w": "4da524e8f687186b7a914380139fecf27fb7a908a6cd4f3da7202d1f904733f5",
        "layer53.router_b": "507f223d9339008322a491d3d4d9dd77e2e1dd99dd88b9a17e19e2bfdb235b65",
        "layer54.V_read": "f7a15efb156eec132f06648873c2210b9a56bb40b04673379e4fbdc5a6afde0b",
        "layer54.g_read": "203fef6a3ae71b8711ddaf368042d009664c806fe46964e905f5e135a3cfdf6a",
        "layer54.router_w": "e71209be2f0ed8ef552c5180318f0f03284c0569621cc8bafb0ee37a52e4a005",
        "layer54.router_b": "de6343c9dac0fa5e944b0260a84812bf8e0cc2efd38014a76d85709a524ad535",
        "layer55.V_read": "adbe22802baac2bc9744bdeb2ffa91f7b105325d8c867ad6ebfd86536c31480e",
        "layer55.g_read": "f44b7f3dd9cdf63fa9c669f251f5364f4a765137c3934cc0bd42ec2889724879",
        "layer55.router_w": "14e0586dd5124b78bdb3b98bfb2df634ca2d215f51c342057f74cc78f45c858e",
        "layer55.router_b": "4acf16f8c69e905610638b3a55b23e51c5f08fdc98aa160c8624a2962334adce"
      },
      "tensors_unchanged": true,
      "scope": "Actual distinct CUDA parameter storage; source weights, temporaries and allocator reserve excluded"
    },
    "batch_size": 1,
    "static_table_bytes": 57344,
    "scope": "Batch-one recurrent/convolution cache plus one shared static table and one adapter; source weights, temporaries and allocator reserve excluded"
  },
  "elapsed_seconds": 1416.839066028595,
  "original_s16_comparison": {
    "control_arm": "source_s16",
    "candidate_arm": "v10_resurface",
    "control_ppl": 7.334322057221965,
    "candidate_ppl": 7.855569605864836,
    "ppl_relative_change": 0.07106962914583326,
    "control_normal_mk": {
      "correct": 146,
      "count": 384,
      "accuracy": 0.3802083333333333
    },
    "candidate_normal_mk": {
      "count": 384,
      "correct": 271,
      "accuracy": 0.7057291666666666,
      "prediction_categories": {
        "correct_target": 271,
        "not_present_value": 77,
        "unparseable": 3,
        "wrong_present_value": 33
      }
    },
    "normal_mk_accuracy_delta": 0.3255208333333333,
    "normal_mk_correct_delta": 125,
    "paired_improvements": 149,
    "paired_regressions": 24,
    "paired_unchanged": 211,
    "normal_mk_paired_bootstrap_95ci": [
      0.2682291666666667,
      0.3828776041666657
    ],
    "bootstrap_draws": 10000,
    "bootstrap_seed": 20260928,
    "control_target_removed_mk": {
      "correct": 0,
      "count": 384,
      "accuracy": 0.0
    },
    "candidate_target_removed_mk": {
      "count": 384,
      "correct": 0,
      "accuracy": 0.0,
      "prediction_categories": {
        "not_present_value": 210,
        "other_present_value": 169,
        "unparseable": 5
      }
    }
  }
}
